Component: ARM Compiler 5.06 update 6 (build 750) Tool: armlink [4d35ed]

==============================================================================

Section Cross References

    startup_stm32h723xx.o(RESET) refers to startup_stm32h723xx.o(STACK) for __initial_sp
    startup_stm32h723xx.o(RESET) refers to startup_stm32h723xx.o(.text) for Reset_Handler
    startup_stm32h723xx.o(RESET) refers to stm32h7xx_it.o(i.NMI_Handler) for NMI_Handler
    startup_stm32h723xx.o(RESET) refers to stm32h7xx_it.o(i.HardFault_Handler) for HardFault_Handler
    startup_stm32h723xx.o(RESET) refers to stm32h7xx_it.o(i.MemManage_Handler) for MemManage_Handler
    startup_stm32h723xx.o(RESET) refers to stm32h7xx_it.o(i.BusFault_Handler) for BusFault_Handler
    startup_stm32h723xx.o(RESET) refers to stm32h7xx_it.o(i.UsageFault_Handler) for UsageFault_Handler
    startup_stm32h723xx.o(RESET) refers to port.o(.emb_text) for SVC_Handler
    startup_stm32h723xx.o(RESET) refers to stm32h7xx_it.o(i.DebugMon_Handler) for DebugMon_Handler
    startup_stm32h723xx.o(RESET) refers to port.o(i.SysTick_Handler) for SysTick_Handler
    startup_stm32h723xx.o(RESET) refers to stm32h7xx_it.o(i.DMA1_Stream0_IRQHandler) for DMA1_Stream0_IRQHandler
    startup_stm32h723xx.o(RESET) refers to stm32h7xx_it.o(i.DMA1_Stream1_IRQHandler) for DMA1_Stream1_IRQHandler
    startup_stm32h723xx.o(RESET) refers to stm32h7xx_it.o(i.DMA1_Stream2_IRQHandler) for DMA1_Stream2_IRQHandler
    startup_stm32h723xx.o(RESET) refers to stm32h7xx_it.o(i.DMA1_Stream3_IRQHandler) for DMA1_Stream3_IRQHandler
    startup_stm32h723xx.o(RESET) refers to stm32h7xx_it.o(i.DMA1_Stream4_IRQHandler) for DMA1_Stream4_IRQHandler
    startup_stm32h723xx.o(RESET) refers to stm32h7xx_it.o(i.DMA1_Stream5_IRQHandler) for DMA1_Stream5_IRQHandler
    startup_stm32h723xx.o(RESET) refers to stm32h7xx_it.o(i.FDCAN1_IT0_IRQHandler) for FDCAN1_IT0_IRQHandler
    startup_stm32h723xx.o(RESET) refers to stm32h7xx_it.o(i.FDCAN2_IT0_IRQHandler) for FDCAN2_IT0_IRQHandler
    startup_stm32h723xx.o(RESET) refers to stm32h7xx_it.o(i.TIM2_IRQHandler) for TIM2_IRQHandler
    startup_stm32h723xx.o(RESET) refers to stm32h7xx_it.o(i.SPI2_IRQHandler) for SPI2_IRQHandler
    startup_stm32h723xx.o(RESET) refers to stm32h7xx_it.o(i.USART1_IRQHandler) for USART1_IRQHandler
    startup_stm32h723xx.o(RESET) refers to stm32h7xx_it.o(i.UART5_IRQHandler) for UART5_IRQHandler
    startup_stm32h723xx.o(RESET) refers to stm32h7xx_it.o(i.OTG_HS_IRQHandler) for OTG_HS_IRQHandler
    startup_stm32h723xx.o(RESET) refers to stm32h7xx_it.o(i.UART7_IRQHandler) for UART7_IRQHandler
    startup_stm32h723xx.o(RESET) refers to stm32h7xx_it.o(i.FDCAN3_IT0_IRQHandler) for FDCAN3_IT0_IRQHandler
    startup_stm32h723xx.o(.text) refers to system_stm32h7xx.o(i.SystemInit) for SystemInit
    startup_stm32h723xx.o(.text) refers to entry.o(.ARM.Collect$$$$00000000) for __main
    main.o(i.HAL_TIM_PeriodElapsedCallback) refers to stm32h7xx_hal.o(i.HAL_IncTick) for HAL_IncTick
    main.o(i.PeriphCommonClock_Config) refers to memseta.o(.text) for __aeabi_memclr4
    main.o(i.PeriphCommonClock_Config) refers to stm32h7xx_hal_rcc_ex.o(i.HAL_RCCEx_PeriphCLKConfig) for HAL_RCCEx_PeriphCLKConfig
    main.o(i.PeriphCommonClock_Config) refers to main.o(i.Error_Handler) for Error_Handler
    main.o(i.SystemClock_Config) refers to memseta.o(.text) for __aeabi_memclr4
    main.o(i.SystemClock_Config) refers to stm32h7xx_hal_pwr_ex.o(i.HAL_PWREx_ConfigSupply) for HAL_PWREx_ConfigSupply
    main.o(i.SystemClock_Config) refers to stm32h7xx_hal_rcc.o(i.HAL_RCC_OscConfig) for HAL_RCC_OscConfig
    main.o(i.SystemClock_Config) refers to main.o(i.Error_Handler) for Error_Handler
    main.o(i.SystemClock_Config) refers to stm32h7xx_hal_rcc.o(i.HAL_RCC_ClockConfig) for HAL_RCC_ClockConfig
    main.o(i.main) refers to stm32h7xx_hal.o(i.HAL_Init) for HAL_Init
    main.o(i.main) refers to main.o(i.SystemClock_Config) for SystemClock_Config
    main.o(i.main) refers to main.o(i.PeriphCommonClock_Config) for PeriphCommonClock_Config
    main.o(i.main) refers to gpio.o(i.MX_GPIO_Init) for MX_GPIO_Init
    main.o(i.main) refers to dma.o(i.MX_DMA_Init) for MX_DMA_Init
    main.o(i.main) refers to spi.o(i.MX_SPI2_Init) for MX_SPI2_Init
    main.o(i.main) refers to fdcan.o(i.MX_FDCAN1_Init) for MX_FDCAN1_Init
    main.o(i.main) refers to fdcan.o(i.MX_FDCAN2_Init) for MX_FDCAN2_Init
    main.o(i.main) refers to tim.o(i.MX_TIM3_Init) for MX_TIM3_Init
    main.o(i.main) refers to fdcan.o(i.MX_FDCAN3_Init) for MX_FDCAN3_Init
    main.o(i.main) refers to usart.o(i.MX_USART1_UART_Init) for MX_USART1_UART_Init
    main.o(i.main) refers to usart.o(i.MX_UART5_Init) for MX_UART5_Init
    main.o(i.main) refers to usart.o(i.MX_UART7_Init) for MX_UART7_Init
    main.o(i.main) refers to usart.o(i.MX_USART10_UART_Init) for MX_USART10_UART_Init
    main.o(i.main) refers to bsp_dwt.o(i.DWT_Init) for DWT_Init
    main.o(i.main) refers to bmi088driver.o(i.BMI088_init) for BMI088_init
[...]
    HAL_UART_MspInit                         0x08007c6d   Thumb Code   806  usart.o(i.HAL_UART_MspInit)
    HAL_UART_RxCpltCallback                  0x08007fc5   Thumb Code     2  stm32h7xx_hal_uart.o(i.HAL_UART_RxCpltCallback)
    HAL_UART_RxHalfCpltCallback              0x08007fc7   Thumb Code     2  stm32h7xx_hal_uart.o(i.HAL_UART_RxHalfCpltCallback)
    HAL_UART_TxCpltCallback                  0x08007fc9   Thumb Code     2  stm32h7xx_hal_uart.o(i.HAL_UART_TxCpltCallback)
    HardFault_Handler                        0x08007fcb   Thumb Code     2  stm32h7xx_it.o(i.HardFault_Handler)
    INS_Init                                 0x08007fcd   Thumb Code    34  ins_task.o(i.INS_Init)
    INS_Task                                 0x08008001   Thumb Code     6  freertos.o(i.INS_Task)
    INS_task                                 0x08008009   Thumb Code   538  ins_task.o(i.INS_task)
    LQR_K_calc                               0x0800828f   Thumb Code    46  chassisr_task.o(i.LQR_K_calc)
    MX_DMA_Init                              0x080082bd   Thumb Code   120  dma.o(i.MX_DMA_Init)
    MX_FDCAN1_Init                           0x08008339   Thumb Code    92  fdcan.o(i.MX_FDCAN1_Init)
    MX_FDCAN2_Init                           0x0800839d   Thumb Code    98  fdcan.o(i.MX_FDCAN2_Init)
    MX_FDCAN3_Init                           0x08008409   Thumb Code    98  fdcan.o(i.MX_FDCAN3_Init)
    MX_FREERTOS_Init                         0x08008475   Thumb Code    74  freertos.o(i.MX_FREERTOS_Init)
    MX_GPIO_Init                             0x080084c9   Thumb Code   286  gpio.o(i.MX_GPIO_Init)
    MX_SPI2_Init                             0x080085f9   Thumb Code    86  spi.o(i.MX_SPI2_Init)
    MX_TIM3_Init                             0x08008659   Thumb Code   108  tim.o(i.MX_TIM3_Init)
    MX_UART5_Init                            0x080086cd   Thumb Code   106  usart.o(i.MX_UART5_Init)
    MX_UART7_Init                            0x08008745   Thumb Code   106  usart.o(i.MX_UART7_Init)
    MX_USART10_UART_Init                     0x080087b9   Thumb Code    94  usart.o(i.MX_USART10_UART_Init)
    MX_USART1_UART_Init                      0x08008821   Thumb Code    94  usart.o(i.MX_USART1_UART_Init)
    MX_USB_DEVICE_Init                       0x08008889   Thumb Code    66  usb_device.o(i.MX_USB_DEVICE_Init)
    MemManage_Handler                        0x080088dd   Thumb Code     2  stm32h7xx_it.o(i.MemManage_Handler)
    NMI_Handler                              0x080088df   Thumb Code     2  stm32h7xx_it.o(i.NMI_Handler)
    OTG_HS_IRQHandler                        0x080088e1   Thumb Code     6  stm32h7xx_it.o(i.OTG_HS_IRQHandler)
    PeriphCommonClock_Config                 0x08008ab5   Thumb Code    70  main.o(i.PeriphCommonClock_Config)
    RotationMatrix_update                    0x08008d45   Thumb Code   178  mahony_filter.o(i.RotationMatrix_update)
    SBUS_IT_Open                             0x08008df9   Thumb Code   160  bsp_sbus.o(i.SBUS_IT_Open)
    SBUS_action                              0x08008ead   Thumb Code   418  bsp_sbus.o(i.SBUS_action)
    SBUS_value_updata                        0x08009085   Thumb Code   218  bsp_sbus.o(i.SBUS_value_updata)
    SPI2_IRQHandler                          0x0800917d   Thumb Code     6  stm32h7xx_it.o(i.SPI2_IRQHandler)
    StartDefaultTask                         0x080092bb   Thumb Code    12  freertos.o(i.StartDefaultTask)
    SysTick_Handler                          0x080092c9   Thumb Code    38  port.o(i.SysTick_Handler)
    SystemClock_Config                       0x080092f5   Thumb Code   152  main.o(i.SystemClock_Config)
    SystemInit                               0x08009391   Thumb Code   158  system_stm32h7xx.o(i.SystemInit)
    TIM2_IRQHandler                          0x08009451   Thumb Code     6  stm32h7xx_it.o(i.TIM2_IRQHandler)
    TIM_Base_SetConfig                       0x0800945d   Thumb Code   186  stm32h7xx_hal_tim.o(i.TIM_Base_SetConfig)
    TIM_OC2_SetConfig                        0x080095e1   Thumb Code   124  stm32h7xx_hal_tim.o(i.TIM_OC2_SetConfig)
    Turn                                     0x0800985d   Thumb Code    54  chassisr_task.o(i.Turn)
    UART5_IRQHandler                         0x0800989d   Thumb Code     6  stm32h7xx_it.o(i.UART5_IRQHandler)
    UART7_IRQHandler                         0x080098a9   Thumb Code     6  stm32h7xx_it.o(i.UART7_IRQHandler)
    UART_AdvFeatureConfig                    0x080098fd   Thumb Code   200  stm32h7xx_hal_uart.o(i.UART_AdvFeatureConfig)
    UART_CheckIdleState                      0x080099c5   Thumb Code   170  stm32h7xx_hal_uart.o(i.UART_CheckIdleState)
    UART_SetConfig                           0x08009c21   Thumb Code  1326  stm32h7xx_hal_uart.o(i.UART_SetConfig)
    UART_Start_Receive_DMA                   0x0800a151   Thumb Code   152  stm32h7xx_hal_uart.o(i.UART_Start_Receive_DMA)
    UART_WaitOnFlagUntilTimeout              0x0800a1f5   Thumb Code   152  stm32h7xx_hal_uart.o(i.UART_WaitOnFlagUntilTimeout)
    USART1_IRQHandler                        0x0800a28d   Thumb Code     6  stm32h7xx_it.o(i.USART1_IRQHandler)
    USBD_CDC_GetDeviceQualifierDescriptor    0x0800a41d   Thumb Code     8  usbd_cdc.o(i.USBD_CDC_GetDeviceQualifierDescriptor)
    USBD_CDC_ReceivePacket                   0x0800a63d   Thumb Code    60  usbd_cdc.o(i.USBD_CDC_ReceivePacket)
    USBD_CDC_RegisterInterface               0x0800a67d   Thumb Code    24  usbd_cdc.o(i.USBD_CDC_RegisterInterface)
    USBD_CDC_SetRxBuffer                     0x0800a695   Thumb Code    28  usbd_cdc.o(i.USBD_CDC_SetRxBuffer)
    USBD_CDC_SetTxBuffer                     0x0800a6b1   Thumb Code    32  usbd_cdc.o(i.USBD_CDC_SetTxBuffer)
    USBD_ClrClassConfig                      0x0800a7db   Thumb Code    20  usbd_core.o(i.USBD_ClrClassConfig)
    USBD_CoreFindEP                          0x0800a815   Thumb Code     4  usbd_core.o(i.USBD_CoreFindEP)
    USBD_CoreFindIF                          0x0800a819   Thumb Code     4  usbd_core.o(i.USBD_CoreFindIF)
    USBD_CtlContinueRx                       0x0800a81d   Thumb Code    16  usbd_ioreq.o(i.USBD_CtlContinueRx)
    USBD_CtlContinueSendData                 0x0800a82d   Thumb Code    16  usbd_ioreq.o(i.USBD_CtlContinueSendData)
    USBD_CtlError                            0x0800a83d   Thumb Code    24  usbd_ctlreq.o(i.USBD_CtlError)
    USBD_CtlPrepareRx                        0x0800a855   Thumb Code    30  usbd_ioreq.o(i.USBD_CtlPrepareRx)
    USBD_CtlReceiveStatus                    0x0800a873   Thumb Code    22  usbd_ioreq.o(i.USBD_CtlReceiveStatus)
    USBD_CtlSendData                         0x0800a889   Thumb Code    26  usbd_ioreq.o(i.USBD_CtlSendData)
    USBD_CtlSendStatus                       0x0800a8a3   Thumb Code    22  usbd_ioreq.o(i.USBD_CtlSendStatus)
    USBD_GetEpDesc                           0x0800aad7   Thumb Code    58  usbd_core.o(i.USBD_GetEpDesc)
    USBD_GetNextDesc                         0x0800ab25   Thumb Code    14  usbd_core.o(i.USBD_GetNextDesc)
    USBD_GetString                           0x0800ab6f   Thumb Code    80  usbd_ctlreq.o(i.USBD_GetString)
    USBD_Get_USB_Status                      0x0800abbf   Thumb Code    36  usbd_conf.o(i.USBD_Get_USB_Status)
    USBD_HS_ConfigStrDescriptor              0x0800abe5   Thumb Code    32  usbd_desc.o(i.USBD_HS_ConfigStrDescriptor)
    USBD_HS_DeviceDescriptor                 0x0800ac15   Thumb Code     8  usbd_desc.o(i.USBD_HS_DeviceDescriptor)
    USBD_HS_InterfaceStrDescriptor           0x0800ac21   Thumb Code    32  usbd_desc.o(i.USBD_HS_InterfaceStrDescriptor)
    USBD_HS_LangIDStrDescriptor              0x0800ac55   Thumb Code     8  usbd_desc.o(i.USBD_HS_LangIDStrDescriptor)
    USBD_HS_ManufacturerStrDescriptor        0x0800ac61   Thumb Code    16  usbd_desc.o(i.USBD_HS_ManufacturerStrDescriptor)
    USBD_HS_ProductStrDescriptor             0x0800ac89   Thumb Code    32  usbd_desc.o(i.USBD_HS_ProductStrDescriptor)
    USBD_HS_SerialStrDescriptor              0x0800acc5   Thumb Code    14  usbd_desc.o(i.USBD_HS_SerialStrDescriptor)
    USBD_Init                                0x0800acd9   Thumb Code    40  usbd_core.o(i.USBD_Init)
    USBD_LL_ClearStallEP                     0x0800ad01   Thumb Code    18  usbd_conf.o(i.USBD_LL_ClearStallEP)
    USBD_LL_CloseEP                          0x0800ad13   Thumb Code    18  usbd_conf.o(i.USBD_LL_CloseEP)
    USBD_LL_DataInStage                      0x0800ad25   Thumb Code   220  usbd_core.o(i.USBD_LL_DataInStage)
    USBD_LL_DataOutStage                     0x0800ae01   Thumb Code   202  usbd_core.o(i.USBD_LL_DataOutStage)
    USBD_LL_DevConnected                     0x0800aecb   Thumb Code     4  usbd_core.o(i.USBD_LL_DevConnected)
    USBD_LL_DevDisconnected                  0x0800aecf   Thumb Code    32  usbd_core.o(i.USBD_LL_DevDisconnected)
    USBD_LL_GetRxDataSize                    0x0800aeef   Thumb Code     8  usbd_conf.o(i.USBD_LL_GetRxDataSize)
    USBD_LL_Init                             0x0800aef9   Thumb Code    96  usbd_conf.o(i.USBD_LL_Init)
    USBD_LL_IsStallEP                        0x0800af61   Thumb Code    30  usbd_conf.o(i.USBD_LL_IsStallEP)
    USBD_LL_IsoINIncomplete                  0x0800af7f   Thumb Code    42  usbd_core.o(i.USBD_LL_IsoINIncomplete)
    USBD_LL_IsoOUTIncomplete                 0x0800afa9   Thumb Code    42  usbd_core.o(i.USBD_LL_IsoOUTIncomplete)
    USBD_LL_OpenEP                           0x0800afd3   Thumb Code    24  usbd_conf.o(i.USBD_LL_OpenEP)
    USBD_LL_PrepareReceive                   0x0800afeb   Thumb Code    18  usbd_conf.o(i.USBD_LL_PrepareReceive)
    USBD_LL_Reset                            0x0800affd   Thumb Code    96  usbd_core.o(i.USBD_LL_Reset)
    USBD_LL_Resume                           0x0800b05d   Thumb Code    20  usbd_core.o(i.USBD_LL_Resume)
    USBD_LL_SOF                              0x0800b071   Thumb Code    26  usbd_core.o(i.USBD_LL_SOF)
    USBD_LL_SetSpeed                         0x0800b08b   Thumb Code     6  usbd_core.o(i.USBD_LL_SetSpeed)
    USBD_LL_SetUSBAddress                    0x0800b091   Thumb Code    18  usbd_conf.o(i.USBD_LL_SetUSBAddress)
    USBD_LL_SetupStage                       0x0800b0a3   Thumb Code    96  usbd_core.o(i.USBD_LL_SetupStage)
    USBD_LL_StallEP                          0x0800b103   Thumb Code    18  usbd_conf.o(i.USBD_LL_StallEP)
    USBD_LL_Start                            0x0800b115   Thumb Code    18  usbd_conf.o(i.USBD_LL_Start)
    USBD_LL_Suspend                          0x0800b127   Thumb Code    26  usbd_core.o(i.USBD_LL_Suspend)
    USBD_LL_Transmit                         0x0800b141   Thumb Code    18  usbd_conf.o(i.USBD_LL_Transmit)
    USBD_ParseSetupRequest                   0x0800b153   Thumb Code    50  usbd_ctlreq.o(i.USBD_ParseSetupRequest)
    USBD_RegisterClass                       0x0800b185   Thumb Code    58  usbd_core.o(i.USBD_RegisterClass)
    USBD_RunTestMode                         0x0800b1bf   Thumb Code     4  usbd_core.o(i.USBD_RunTestMode)
    USBD_SetClassConfig                      0x0800b21b   Thumb Code    20  usbd_core.o(i.USBD_SetClassConfig)
    USBD_Start                               0x0800b331   Thumb Code     4  usbd_core.o(i.USBD_Start)
    USBD_StdDevReq                           0x0800b335   Thumb Code   118  usbd_ctlreq.o(i.USBD_StdDevReq)
    USBD_StdEPReq                            0x0800b3ab   Thumb Code   544  usbd_ctlreq.o(i.USBD_StdEPReq)
    USBD_StdItfReq                           0x0800b5cb   Thumb Code   142  usbd_ctlreq.o(i.USBD_StdItfReq)
    USBD_static_free                         0x0800b659   Thumb Code     2  usbd_conf.o(i.USBD_static_free)
    USBD_static_malloc                       0x0800b65d   Thumb Code     4  usbd_conf.o(i.USBD_static_malloc)
    USB_ActivateEndpoint                     0x0800b665   Thumb Code   126  stm32h7xx_ll_usb.o(i.USB_ActivateEndpoint)
    USB_ActivateSetup                        0x0800b6e9   Thumb Code    28  stm32h7xx_ll_usb.o(i.USB_ActivateSetup)
    USB_CoreInit                             0x0800b705   Thumb Code   146  stm32h7xx_ll_usb.o(i.USB_CoreInit)
    USB_DeactivateEndpoint                   0x0800b7e5   Thumb Code   190  stm32h7xx_ll_usb.o(i.USB_DeactivateEndpoint)
    USB_DevConnect                           0x0800b8ad   Thumb Code    28  stm32h7xx_ll_usb.o(i.USB_DevConnect)
    USB_DevDisconnect                        0x0800b8c9   Thumb Code    28  stm32h7xx_ll_usb.o(i.USB_DevDisconnect)
    USB_DevInit                              0x0800b8e5   Thumb Code   354  stm32h7xx_ll_usb.o(i.USB_DevInit)
    USB_DisableGlobalInt                     0x0800ba51   Thumb Code    12  stm32h7xx_ll_usb.o(i.USB_DisableGlobalInt)
    USB_EP0_OutStart                         0x0800ba5d   Thumb Code    80  stm32h7xx_ll_usb.o(i.USB_EP0_OutStart)
    USB_EPClearStall                         0x0800bab1   Thumb Code    88  stm32h7xx_ll_usb.o(i.USB_EPClearStall)
    USB_EPSetStall                           0x0800bb09   Thumb Code    88  stm32h7xx_ll_usb.o(i.USB_EPSetStall)
    USB_EPStartXfer                          0x0800bb61   Thumb Code   582  stm32h7xx_ll_usb.o(i.USB_EPStartXfer)
    USB_EPStopXfer                           0x0800bdad   Thumb Code   164  stm32h7xx_ll_usb.o(i.USB_EPStopXfer)
    USB_EnableGlobalInt                      0x0800be51   Thumb Code    12  stm32h7xx_ll_usb.o(i.USB_EnableGlobalInt)
    USB_FlushRxFifo                          0x0800be5d   Thumb Code    64  stm32h7xx_ll_usb.o(i.USB_FlushRxFifo)
    USB_FlushTxFifo                          0x0800be9d   Thumb Code    68  stm32h7xx_ll_usb.o(i.USB_FlushTxFifo)
    USB_GetDevSpeed                          0x0800bee1   Thumb Code    32  stm32h7xx_ll_usb.o(i.USB_GetDevSpeed)
    USB_GetMode                              0x0800bf01   Thumb Code     8  stm32h7xx_ll_usb.o(i.USB_GetMode)
    USB_ReadDevAllInEpInterrupt              0x0800bf09   Thumb Code    14  stm32h7xx_ll_usb.o(i.USB_ReadDevAllInEpInterrupt)
    USB_ReadDevAllOutEpInterrupt             0x0800bf17   Thumb Code    14  stm32h7xx_ll_usb.o(i.USB_ReadDevAllOutEpInterrupt)
    USB_ReadDevInEPInterrupt                 0x0800bf25   Thumb Code    36  stm32h7xx_ll_usb.o(i.USB_ReadDevInEPInterrupt)
    USB_ReadDevOutEPInterrupt                0x0800bf49   Thumb Code    16  stm32h7xx_ll_usb.o(i.USB_ReadDevOutEPInterrupt)
    USB_ReadInterrupts                       0x0800bf59   Thumb Code     8  stm32h7xx_ll_usb.o(i.USB_ReadInterrupts)
    USB_ReadPacket                           0x0800bf61   Thumb Code    62  stm32h7xx_ll_usb.o(i.USB_ReadPacket)
    USB_SetCurrentMode                       0x0800bf9f   Thumb Code    96  stm32h7xx_ll_usb.o(i.USB_SetCurrentMode)
    USB_SetDevAddress                        0x0800bfff   Thumb Code    30  stm32h7xx_ll_usb.o(i.USB_SetDevAddress)
    USB_SetDevSpeed                          0x0800c01d   Thumb Code    14  stm32h7xx_ll_usb.o(i.USB_SetDevSpeed)
    USB_SetTurnaroundTime                    0x0800c02d   Thumb Code   170  stm32h7xx_ll_usb.o(i.USB_SetTurnaroundTime)
    USB_WritePacket                          0x0800c121   Thumb Code    40  stm32h7xx_ll_usb.o(i.USB_WritePacket)
    UsageFault_Handler                       0x0800c149   Thumb Code     2  stm32h7xx_it.o(i.UsageFault_Handler)
    __ARM_fpclassifyf                        0x0800c14b   Thumb Code    38  fpclassifyf.o(i.__ARM_fpclassifyf)
    __hardfp_asinf                           0x0800c191   Thumb Code   258  asinf.o(i.__hardfp_asinf)
    __hardfp_atan2f                          0x0800c2c9   Thumb Code   502  atan2f.o(i.__hardfp_atan2f)
    __hardfp_sqrt                            0x0800c521   Thumb Code   102  sqrt.o(i.__hardfp_sqrt)
    __hardfp_sqrtf                           0x0800c587   Thumb Code    58  sqrtf.o(i.__hardfp_sqrtf)
    __mathlib_flt_infnan                     0x0800c5c1   Thumb Code     6  funder.o(i.__mathlib_flt_infnan)
    __mathlib_flt_infnan2                    0x0800c5c7   Thumb Code     6  funder.o(i.__mathlib_flt_infnan2)
    __mathlib_flt_invalid                    0x0800c5cd   Thumb Code    10  funder.o(i.__mathlib_flt_invalid)
    __mathlib_flt_underflow                  0x0800c5dd   Thumb Code    10  funder.o(i.__mathlib_flt_underflow)
    __scatterload_copy                       0x0800c5ed   Thumb Code    14  handlers.o(i.__scatterload_copy)
    __scatterload_null                       0x0800c5fb   Thumb Code     2  handlers.o(i.__scatterload_null)
    __scatterload_zeroinit                   0x0800c5fd   Thumb Code    14  handlers.o(i.__scatterload_zeroinit)
    __set_errno                              0x0800c60d   Thumb Code     6  errno.o(i.__set_errno)
    bmi088_accel_init                        0x0800c619   Thumb Code   292  bmi088driver.o(i.bmi088_accel_init)
    bmi088_gyro_init                         0x0800c741   Thumb Code   246  bmi088driver.o(i.bmi088_gyro_init)
    canx_send_data                           0x0800c83d   Thumb Code   102  can_bsp.o(i.canx_send_data)
    chassisR_feedback_update                 0x0800c8a5   Thumb Code   416  chassisr_task.o(i.chassisR_feedback_update)
    dm3507_fbdata                            0x0800ca65   Thumb Code   148  dm4310_drv.o(i.dm3507_fbdata)
    dm3510_fbdata                            0x0800cb01   Thumb Code   148  dm4310_drv.o(i.dm3510_fbdata)
    enable_motor_mode                        0x0800cb9d   Thumb Code    52  dm4310_drv.o(i.enable_motor_mode)
    float_to_uint                            0x0800cbd7   Thumb Code    40  dm4310_drv.o(i.float_to_uint)
    joint_motor_init                         0x0800cbff   Thumb Code     6  dm4310_drv.o(i.joint_motor_init)
    mahony_init                              0x0800cc05   Thumb Code    40  mahony_filter.o(i.mahony_init)
    mahony_input                             0x0800cc3d   Thumb Code    28  mahony_filter.o(i.mahony_input)
    mahony_output                            0x0800cc59   Thumb Code    54  mahony_filter.o(i.mahony_output)
    mahony_update                            0x0800cc8f   Thumb Code   428  mahony_filter.o(i.mahony_update)
    main                                     0x0800ce3d   Thumb Code   128  main.o(i.main)
    mit_ctrl2                                0x0800ced1   Thumb Code   180  dm4310_drv.o(i.mit_ctrl2)
    mit_ctrl3                                0x0800cf95   Thumb Code   180  dm4310_drv.o(i.mit_ctrl3)
    mySaturate                               0x0800d059   Thumb Code    36  chassisr_task.o(i.mySaturate)
    open_5v_on                               0x0800d07d   Thumb Code    10  bsp_openmv.o(i.open_5v_on)
    osDelay                                  0x0800d08d   Thumb Code    16  cmsis_os.o(i.osDelay)
    osKernelStart                            0x0800d09d   Thumb Code    10  cmsis_os.o(i.osKernelStart)
    osThreadCreate                           0x0800d0a7   Thumb Code    46  cmsis_os.o(i.osThreadCreate)
    pvPortMalloc                             0x0800d421   Thumb Code   214  heap_4.o(i.pvPortMalloc)
    pxPortInitialiseStack                    0x0800d4fd   Thumb Code    30  port.o(i.pxPortInitialiseStack)
    sqrtf                                    0x0800d521   Thumb Code    62  sqrtf.o(i.sqrtf)
    uint_to_float                            0x0800d55f   Thumb Code    40  dm4310_drv.o(i.uint_to_float)
    uxListRemove                             0x0800d587   Thumb Code    38  list.o(i.uxListRemove)
    vListInitialise                          0x0800d5ad   Thumb Code    22  list.o(i.vListInitialise)
    vListInitialiseItem                      0x0800d5c3   Thumb Code     6  list.o(i.vListInitialiseItem)
    vListInsert                              0x0800d5c9   Thumb Code    48  list.o(i.vListInsert)
    vListInsertEnd                           0x0800d5f9   Thumb Code    24  list.o(i.vListInsertEnd)
    vPortEnterCritical                       0x0800d611   Thumb Code    54  port.o(i.vPortEnterCritical)
    vPortExitCritical                        0x0800d651   Thumb Code    38  port.o(i.vPortExitCritical)
    vPortFree                                0x0800d67d   Thumb Code    94  heap_4.o(i.vPortFree)
    vPortSetupTimerInterrupt                 0x0800d6e1   Thumb Code    32  port.o(i.vPortSetupTimerInterrupt)
    vTaskDelay                               0x0800d705   Thumb Code    70  tasks.o(i.vTaskDelay)
    vTaskStartScheduler                      0x0800d755   Thumb Code    86  tasks.o(i.vTaskStartScheduler)
    vTaskSuspendAll                          0x0800d7bd   Thumb Code    10  tasks.o(i.vTaskSuspendAll)
    vTaskSwitchContext                       0x0800d7cd   Thumb Code    86  tasks.o(i.vTaskSwitchContext)
    vofa_init                                0x0800d82d   Thumb Code    18  bsp_vofa.o(i.vofa_init)
    wheel_motor_init                         0x0800d845   Thumb Code     6  dm4310_drv.o(i.wheel_motor_init)
    xPortStartScheduler                      0x0800d84d   Thumb Code   222  port.o(i.xPortStartScheduler)
    xTaskCreate                              0x0800d941   Thumb Code    96  tasks.o(i.xTaskCreate)
    xTaskIncrementTick                       0x0800d9a1   Thumb Code   198  tasks.o(i.xTaskIncrementTick)
    xTaskResumeAll                           0x0800da71   Thumb Code   192  tasks.o(i.xTaskResumeAll)
    UARTPrescTable                           0x0800dbdc   Data          24  stm32h7xx_hal_uart.o(.constdata)
    D1CorePrescTable                         0x0800dc04   Data          16  system_stm32h7xx.o(.constdata)
    sinTable_f32                             0x0800dc3c   Data        2052  arm_common_tables.o(.rodata.sinTable_f32)
    Region$$Table$$Base                      0x0800e440   Number         0  anon$$obj.o(Region$$Table)
    Region$$Table$$Limit                     0x0800e460   Number         0  anon$$obj.o(Region$$Table)
    defaultTaskHandle                        0x24000000   Data           4  freertos.o(.data)
    INS_TASKHandle                           0x24000004   Data           4  freertos.o(.data)
    CHASSISR_TASKHandle                      0x24000008   Data           4  freertos.o(.data)
    uwTickFreq                               0x24000010   Data           1  stm32h7xx_hal.o(.data)
    uwTickPrio                               0x24000014   Data           4  stm32h7xx_hal.o(.data)
    uwTick                                   0x24000018   Data           4  stm32h7xx_hal.o(.data)
    SystemCoreClock                          0x2400001c   Data           4  system_stm32h7xx.o(.data)
    SystemD2Clock                            0x24000020   Data           4  system_stm32h7xx.o(.data)
    caliOffset                               0x24000027   Data           1  bmi088driver.o(.data)
    caliCount                                0x24000028   Data           2  bmi088driver.o(.data)
    BMI088_ACCEL_SEN                         0x24000030   Data           4  bmi088driver.o(.data)
    BMI088_GYRO_SEN                          0x24000034   Data           4  bmi088driver.o(.data)
    gNormDiff                                0x2400003c   Data           4  bmi088driver.o(.data)
    BMI088_SPI                               0x2400006c   Data           4  bmi088middleware.o(.data)
    pxCurrentTCB                             0x24000070   Data           4  tasks.o(.data)
    INS_DWT_Count                            0x240000d8   Data           4  ins_task.o(.data)
    ins_dt                                   0x240000dc   Data           4  ins_task.o(.data)
    ins_time                                 0x240000e0   Data           4  ins_task.o(.data)
    stop_time                                0x240000e4   Data           4  ins_task.o(.data)
    gravity                                  0x240000e8   Data          12  ins_task.o(.data)
    CHASSR_TIME                              0x240000f4   Data           4  chassisr_task.o(.data)
    Turn_Kp                                  0x240000f8   Data           4  chassisr_task.o(.data)
    Turn_Kd                                  0x240000fc   Data           4  chassisr_task.o(.data)
    turn_T                                   0x24000100   Data           4  chassisr_task.o(.data)
    leg_kp                                   0x24000104   Data           4  chassisr_task.o(.data)
    leg_kd                                   0x24000108   Data           4  chassisr_task.o(.data)
    mg                                       0x2400010c   Data           4  chassisr_task.o(.data)
    roll_kp                                  0x24000110   Data           4  chassisr_task.o(.data)
    roll_kd                                  0x24000114   Data           4  chassisr_task.o(.data)
    jump_time                                0x24000118   Data           4  chassisr_task.o(.data)
    Poly_Coefficient                         0x2400011c   Data         128  chassisr_task.o(.data)
    lqr_k                                    0x2400019c   Data          32  chassisr_task.o(.data)
    SysTime                                  0x240001f0   Data           8  bsp_dwt.o(.data)
    CYCCNT64                                 0x240001f8   Data           8  bsp_dwt.o(.data)
    flag                                     0x24000200   Data           4  can_bsp.o(.data)
    sbus_rx_sta                              0x24000208   Data           1  bsp_sbus.o(.data)
    sbus_connect_flag                        0x24000209   Data           1  bsp_sbus.o(.data)
    sbus_vel_ratio                           0x2400020c   Data           4  bsp_sbus.o(.data)
    sbus_turn_ratio                          0x24000210   Data           4  bsp_sbus.o(.data)
    sbus_leg_ratio                           0x24000214   Data           4  bsp_sbus.o(.data)
    sbus_roll_ratio                          0x24000218   Data           4  bsp_sbus.o(.data)
    sbus_movetime                            0x24000220   Data           8  bsp_sbus.o(.data)
    HS_Desc                                  0x24000228   Data          32  usbd_desc.o(.data)
    USBD_LangIDDesc                          0x24000248   Data           4  usbd_desc.o(.data)
    USBD_HS_DeviceDesc                       0x2400024c   Data          18  usbd_desc.o(.data)
    USBD_HS_BOSDesc                          0x24000260   Data          12  usbd_desc.o(.data)
    USBD_StringSerial                        0x2400026c   Data          26  usbd_desc.o(.data)
    USBD_Interface_fops_HS                   0x24000288   Data          20  usbd_cdc_if.o(.data)
    USBD_CDC                                 0x240002f4   Data          56  usbd_cdc.o(.data)
    hfdcan1                                  0x24000330   Data         160  fdcan.o(.bss)
    hfdcan2                                  0x240003d0   Data         160  fdcan.o(.bss)
    hfdcan3                                  0x24000470   Data         160  fdcan.o(.bss)
    hspi2                                    0x24000510   Data         136  spi.o(.bss)
    hdma_spi2_rx                             0x24000598   Data         120  spi.o(.bss)
    hdma_spi2_tx                             0x24000610   Data         120  spi.o(.bss)
    htim3                                    0x24000688   Data          76  tim.o(.bss)
    huart5                                   0x240006d4   Data         148  usart.o(.bss)
    huart7                                   0x24000768   Data         148  usart.o(.bss)
    huart1                                   0x240007fc   Data         148  usart.o(.bss)
    huart10                                  0x24000890   Data         148  usart.o(.bss)
    hdma_uart5_rx                            0x24000924   Data         120  usart.o(.bss)
    hdma_uart7_rx                            0x2400099c   Data         120  usart.o(.bss)
    hdma_usart1_rx                           0x24000a14   Data         120  usart.o(.bss)
    hdma_usart1_tx                           0x24000a8c   Data         120  usart.o(.bss)
    htim2                                    0x24000b04   Data          76  stm32h7xx_hal_timebase_tim.o(.bss)
    gyroDiff                                 0x24000b50   Data          12  bmi088driver.o(.bss)
    BMI088                                   0x24000b5c   Data          64  bmi088driver.o(.bss)
    INS                                      0x2400848c   Data         148  ins_task.o(.bss)
    mahony                                   0x24008520   Data         132  ins_task.o(.bss)
    Gyro                                     0x240085a4   Data          12  ins_task.o(.bss)
    Accel                                    0x240085b0   Data          12  ins_task.o(.bss)
    averr                                    0x240085bc   Data          40  chassisr_task.o(.bss)
    chassis_move                             0x240085e4   Data         320  chassisr_task.o(.bss)
    vmc                                      0x24008724   Data          44  chassisr_task.o(.bss)
    mybutff1                                 0x24008750   Data          16  can_bsp.o(.bss)
    mybutff2                                 0x24008760   Data          16  can_bsp.o(.bss)
    RxHeader1                                0x24008770   Data          40  can_bsp.o(.bss)
    g_Can1RxData                             0x24008798   Data          64  can_bsp.o(.bss)
    RxHeader2                                0x240087d8   Data          40  can_bsp.o(.bss)
    g_Can2RxData                             0x24008800   Data          64  can_bsp.o(.bss)
    send_buf                                 0x24008840   Data        1024  bsp_vofa.o(.bss)
    vofa_debug                               0x24008c40   Data          20  bsp_vofa.o(.bss)
    sbus                                     0x24008c54   Data          36  bsp_sbus.o(.bss)
    USART5_RX_DMA_BUF                        0x24008c78   Data          25  bsp_sbus.o(.bss)
    sbustobluetooth                          0x24008c94   Data          16  bsp_sbus.o(.bss)
    hUsbDeviceHS                             0x24008ca4   Data         732  usb_device.o(.bss)
    USBD_StrDesc                             0x24008f80   Data         512  usbd_desc.o(.bss)
    UserRxBufferHS                           0x24009180   Data        2048  usbd_cdc_if.o(.bss)
    UserTxBufferHS                           0x24009980   Data        2048  usbd_cdc_if.o(.bss)
    hpcd_USB_OTG_HS                          0x2400a3a0   Data        1252  usbd_conf.o(.bss)
    __initial_sp                             0x2400b088   Data           0  startup_stm32h723xx.o(STACK)



==============================================================================

Memory Map of the image

  Image Entry point : 0x080002cd

  Load Region LR_IROM1 (Base: 0x08000000, Size: 0x0000e790, Max: 0x00100000, ABSOLUTE, COMPRESSED[0x0000e5f8])

    Execution Region ER_IROM1 (Exec base: 0x08000000, Load base: 0x08000000, Size: 0x0000e460, Max: 0x00100000, ABSOLUTE)

    Exec Addr    Load Addr    Size         Type   Attr      Idx    E Section Name        Object

    0x08000000   0x08000000   0x000002cc   Data   RO            3    RESET               startup_stm32h723xx.o
    0x080002cc   0x080002cc   0x00000000   Code   RO        10497  * .ARM.Collect$$$$00000000  mc_w.l(entry.o)
    0x080002cc   0x080002cc   0x00000004   Code   RO        10554    .ARM.Collect$$$$00000001  mc_w.l(entry2.o)
    0x080002d0   0x080002d0   0x00000004   Code   RO        10557    .ARM.Collect$$$$00000004  mc_w.l(entry5.o)
    0x080002d4   0x080002d4   0x00000000   Code   RO        10559    .ARM.Collect$$$$00000008  mc_w.l(entry7b.o)
    0x080002d4   0x080002d4   0x00000000   Code   RO        10561    .ARM.Collect$$$$0000000A  mc_w.l(entry8b.o)
    0x080002d4   0x080002d4   0x00000008   Code   RO        10562    .ARM.Collect$$$$0000000B  mc_w.l(entry9a.o)
    0x080002dc   0x080002dc   0x00000000   Code   RO        10564    .ARM.Collect$$$$0000000D  mc_w.l(entry10a.o)
    0x080002dc   0x080002dc   0x00000000   Code   RO        10566    .ARM.Collect$$$$0000000F  mc_w.l(entry11a.o)
    0x080002dc   0x080002dc   0x00000004   Code   RO        10555    .ARM.Collect$$$$00002712  mc_w.l(entry2.o)
    0x080002e0   0x080002e0   0x000000be   Code   RO         8636    .emb_text           port.o
    0x0800039e   0x0800039e   0x00000002   PAD
    0x080003a0   0x080003a0   0x00000024   Code   RO            4    .text               startup_stm32h723xx.o
    0x080003c4   0x080003c4   0x00000062   Code   RO        10500    .text               mc_w.l(uldiv.o)
    0x08000426   0x08000426   0x00000024   Code   RO        10502    .text               mc_w.l(memcpya.o)
    0x0800044a   0x0800044a   0x00000024   Code   RO        10506    .text               mc_w.l(memseta.o)
    0x0800046e   0x0800046e   0x0000001e   Code   RO        10568    .text               mc_w.l(llshl.o)
    0x0800048c   0x0800048c   0x00000020   Code   RO        10570    .text               mc_w.l(llushr.o)
    0x080004ac   0x080004ac   0x00000000   Code   RO        10581    .text               mc_w.l(iusefp.o)
    0x080004ac   0x080004ac   0x00000024   Code   RO        10582    .text               mc_w.l(init.o)
    0x080004d0   0x080004d0   0x00000056   Code   RO        10592    .text               mc_w.l(__dczerorl2.o)
    0x08000526   0x08000526   0x00000002   PAD
    0x08000528   0x08000528   0x00000090   Code   RO        10264    .text.arm_cos_f32   arm_cortexM7lfdp_math.lib(arm_cos_f32.o)
    0x080005b8   0x080005b8   0x0000008c   Code   RO        10274    .text.arm_sin_f32   arm_cortexM7lfdp_math.lib(arm_sin_f32.o)
    0x08000644   0x08000644   0x00000010   Code   RO         6817    i.BMI088_ACCEL_NS_H  bmi088middleware.o
    0x08000654   0x08000654   0x00000010   Code   RO         6818    i.BMI088_ACCEL_NS_L  bmi088middleware.o
    0x08000664   0x08000664   0x00000010   Code   RO         6819    i.BMI088_GYRO_NS_H  bmi088middleware.o
    0x08000674   0x08000674   0x00000010   Code   RO         6820    i.BMI088_GYRO_NS_L  bmi088middleware.o
    0x08000684   0x08000684   0x00000228   Code   RO         6727    i.BMI088_Read       bmi088driver.o
    0x080008ac   0x080008ac   0x000000ac   Code   RO         6728    i.BMI088_init       bmi088driver.o
    0x08000958   0x08000958   0x00000024   Code   RO         6729    i.BMI088_read_muli_reg  bmi088driver.o
    0x0800097c   0x0800097c   0x00000016   Code   RO         6730    i.BMI088_read_single_reg  bmi088driver.o
    0x08000992   0x08000992   0x00000002   PAD
    0x08000994   0x08000994   0x00000024   Code   RO         6821    i.BMI088_read_write_byte  bmi088middleware.o
    0x080009b8   0x080009b8   0x00000012   Code   RO         6731    i.BMI088_write_single_reg  bmi088driver.o
    0x080009ca   0x080009ca   0x000000ea   Code   RO         8716    i.BodyFrameToEarthFrame  ins_task.o
    0x08000ab4   0x08000ab4   0x00000002   Code   RO          811    i.BusFault_Handler  stm32h7xx_it.o
    0x08000ab6   0x08000ab6   0x00000008   Code   RO         9547    i.CDC_Control_HS    usbd_cdc_if.o
    0x08000abe   0x08000abe   0x00000004   Code   RO         9548    i.CDC_DeInit_HS     usbd_cdc_if.o
    0x08000ac2   0x08000ac2   0x00000002   PAD
    0x08000ac4   0x08000ac4   0x00000024   Code   RO         9549    i.CDC_Init_HS       usbd_cdc_if.o
    0x08000ae8   0x08000ae8   0x00000018   Code   RO         9550    i.CDC_Receive_HS    usbd_cdc_if.o
    0x08000b00   0x08000b00   0x00000004   Code   RO         9551    i.CDC_TransmitCplt_HS  usbd_cdc_if.o
    0x08000b04   0x08000b04   0x000004ec   Code   RO         6732    i.Calibrate_MPU_Offset  bmi088driver.o
    0x08000ff0   0x08000ff0   0x00000006   Code   RO          493    i.ChassisR_Task     freertos.o
    0x08000ff6   0x08000ff6   0x00000002   PAD
    0x08000ff8   0x08000ff8   0x000000d8   Code   RO         8790    i.ChassisR_init     chassisr_task.o
    0x080010d0   0x080010d0   0x000005ec   Code   RO         8791    i.ChassisR_task     chassisr_task.o
    0x080016bc   0x080016bc   0x0000000c   Code   RO          812    i.DMA1_Stream0_IRQHandler  stm32h7xx_it.o
    0x080016c8   0x080016c8   0x0000000c   Code   RO          813    i.DMA1_Stream1_IRQHandler  stm32h7xx_it.o
    0x080016d4   0x080016d4   0x0000000c   Code   RO          814    i.DMA1_Stream2_IRQHandler  stm32h7xx_it.o
    0x080016e0   0x080016e0   0x0000000c   Code   RO          815    i.DMA1_Stream3_IRQHandler  stm32h7xx_it.o
    0x080016ec   0x080016ec   0x0000000c   Code   RO          816    i.DMA1_Stream4_IRQHandler  stm32h7xx_it.o
    0x080016f8   0x080016f8   0x0000000c   Code   RO          817    i.DMA1_Stream5_IRQHandler  stm32h7xx_it.o
    0x08001704   0x08001704   0x000000c0   Code   RO         3395    i.DMA_CalcBaseAndBitshift  stm32h7xx_hal_dma.o
    0x080017c4   0x080017c4   0x000000a0   Code   RO         3396    i.DMA_CalcDMAMUXChannelBaseAndMask  stm32h7xx_hal_dma.o
    0x08001864   0x08001864   0x0000007c   Code   RO         3397    i.DMA_CalcDMAMUXRequestGenBaseAndMask  stm32h7xx_hal_dma.o
    0x080018e0   0x080018e0   0x00000078   Code   RO         3398    i.DMA_CheckFifoParam  stm32h7xx_hal_dma.o
    0x08001958   0x08001958   0x0000023c   Code   RO         3399    i.DMA_SetConfig     stm32h7xx_hal_dma.o
    0x08001b94   0x08001b94   0x00000028   Code   RO         8865    i.DWT_CNT_Update    bsp_dwt.o
    0x08001bbc   0x08001bbc   0x00000034   Code   RO         8866    i.DWT_Delay         bsp_dwt.o
    0x08001bf0   0x08001bf0   0x00000048   Code   RO         8867    i.DWT_GetDeltaT     bsp_dwt.o
    0x08001c38   0x08001c38   0x00000044   Code   RO         8870    i.DWT_GetTimeline_s  bsp_dwt.o
    0x08001c7c   0x08001c7c   0x00000048   Code   RO         8872    i.DWT_Init          bsp_dwt.o
    0x08001cc4   0x08001cc4   0x00000090   Code   RO         8873    i.DWT_SysTimeUpdate  bsp_dwt.o
    0x08001d54   0x08001d54   0x00000002   Code   RO          818    i.DebugMon_Handler  stm32h7xx_it.o
    0x08001d56   0x08001d56   0x000000ea   Code   RO         8717    i.EarthFrameToBodyFrame  ins_task.o
    0x08001e40   0x08001e40   0x00000004   Code   RO           13    i.Error_Handler     main.o
    0x08001e44   0x08001e44   0x00000060   Code   RO         8942    i.FDCAN1_Config     can_bsp.o
    0x08001ea4   0x08001ea4   0x0000000c   Code   RO          819    i.FDCAN1_IT0_IRQHandler  stm32h7xx_it.o
    0x08001eb0   0x08001eb0   0x00000060   Code   RO         8943    i.FDCAN2_Config     can_bsp.o
    0x08001f10   0x08001f10   0x0000000c   Code   RO          820    i.FDCAN2_IT0_IRQHandler  stm32h7xx_it.o
    0x08001f1c   0x08001f1c   0x0000000c   Code   RO          821    i.FDCAN3_IT0_IRQHandler  stm32h7xx_it.o
    0x08001f28   0x08001f28   0x000001b0   Code   RO         5189    i.FDCAN_CalcultateRamBlockAddresses  stm32h7xx_hal_fdcan.o
    0x080020d8   0x080020d8   0x00000074   Code   RO         5190    i.FDCAN_CopyMessageToRAM  stm32h7xx_hal_fdcan.o
    0x0800214c   0x0800214c   0x00000038   Code   RO         9450    i.Get_SerialNum     usbd_desc.o
    0x08002184   0x08002184   0x0000037c   Code   RO         3400    i.HAL_DMA_Abort     stm32h7xx_hal_dma.o
    0x08002500   0x08002500   0x000002b0   Code   RO         3401    i.HAL_DMA_Abort_IT  stm32h7xx_hal_dma.o
    0x080027b0   0x080027b0   0x000007a8   Code   RO         3405    i.HAL_DMA_IRQHandler  stm32h7xx_hal_dma.o
    0x08002f58   0x08002f58   0x000003f0   Code   RO         3406    i.HAL_DMA_Init      stm32h7xx_hal_dma.o
    0x08003348   0x08003348   0x000002ec   Code   RO         3410    i.HAL_DMA_Start_IT  stm32h7xx_hal_dma.o
    0x08003634   0x08003634   0x00000024   Code   RO         4250    i.HAL_Delay         stm32h7xx_hal.o
    0x08003658   0x08003658   0x00000084   Code   RO         5192    i.HAL_FDCAN_ActivateNotification  stm32h7xx_hal_fdcan.o
    0x080036dc   0x080036dc   0x0000006c   Code   RO         5194    i.HAL_FDCAN_AddMessageToTxFifoQ  stm32h7xx_hal_fdcan.o
    0x08003748   0x08003748   0x00000002   Code   RO         5195    i.HAL_FDCAN_ClockCalibrationCallback  stm32h7xx_hal_fdcan.o
    0x0800374a   0x0800374a   0x00000088   Code   RO         5199    i.HAL_FDCAN_ConfigFilter  stm32h7xx_hal_fdcan.o
    0x080037d2   0x080037d2   0x00000030   Code   RO         5200    i.HAL_FDCAN_ConfigGlobalFilter  stm32h7xx_hal_fdcan.o
    0x08003802   0x08003802   0x00000002   Code   RO         5221    i.HAL_FDCAN_ErrorCallback  stm32h7xx_hal_fdcan.o
    0x08003804   0x08003804   0x00000002   Code   RO         5222    i.HAL_FDCAN_ErrorStatusCallback  stm32h7xx_hal_fdcan.o
    0x08003806   0x08003806   0x00000002   PAD
    0x08003808   0x08003808   0x000001a8   Code   RO         5233    i.HAL_FDCAN_GetRxMessage  stm32h7xx_hal_fdcan.o
    0x080039b0   0x080039b0   0x00000002   Code   RO         5239    i.HAL_FDCAN_HighPriorityMessageCallback  stm32h7xx_hal_fdcan.o
    0x080039b2   0x080039b2   0x00000002   PAD
    0x080039b4   0x080039b4   0x000002ec   Code   RO         5240    i.HAL_FDCAN_IRQHandler  stm32h7xx_hal_fdcan.o
    0x08003ca0   0x08003ca0   0x00000268   Code   RO         5241    i.HAL_FDCAN_Init    stm32h7xx_hal_fdcan.o
    0x08003f08   0x08003f08   0x00000148   Code   RO          586    i.HAL_FDCAN_MspInit  fdcan.o
    0x08004050   0x08004050   0x00000002   Code   RO         5250    i.HAL_FDCAN_RxBufferNewMessageCallback  stm32h7xx_hal_fdcan.o
    0x08004052   0x08004052   0x00000002   PAD
    0x08004054   0x08004054   0x0000008c   Code   RO         8944    i.HAL_FDCAN_RxFifo0Callback  can_bsp.o
    0x080040e0   0x080040e0   0x0000008c   Code   RO         8945    i.HAL_FDCAN_RxFifo1Callback  can_bsp.o
    0x0800416c   0x0800416c   0x00000030   Code   RO         5253    i.HAL_FDCAN_Start   stm32h7xx_hal_fdcan.o
    0x0800419c   0x0800419c   0x00000002   Code   RO         5275    i.HAL_FDCAN_TT_GlobalTimeCallback  stm32h7xx_hal_fdcan.o
    0x0800419e   0x0800419e   0x00000002   Code   RO         5276    i.HAL_FDCAN_TT_ScheduleSyncCallback  stm32h7xx_hal_fdcan.o
    0x080041a0   0x080041a0   0x00000002   Code   RO         5281    i.HAL_FDCAN_TT_StopWatchCallback  stm32h7xx_hal_fdcan.o
    0x080041a2   0x080041a2   0x00000002   Code   RO         5282    i.HAL_FDCAN_TT_TimeMarkCallback  stm32h7xx_hal_fdcan.o
    0x080041a4   0x080041a4   0x00000002   Code   RO         5283    i.HAL_FDCAN_TimeoutOccurredCallback  stm32h7xx_hal_fdcan.o
    0x080041a6   0x080041a6   0x00000002   Code   RO         5284    i.HAL_FDCAN_TimestampWraparoundCallback  stm32h7xx_hal_fdcan.o
    0x080041a8   0x080041a8   0x00000002   Code   RO         5285    i.HAL_FDCAN_TxBufferAbortCallback  stm32h7xx_hal_fdcan.o
    0x080041aa   0x080041aa   0x00000002   Code   RO         5286    i.HAL_FDCAN_TxBufferCompleteCallback  stm32h7xx_hal_fdcan.o
    0x080041ac   0x080041ac   0x00000002   Code   RO         5287    i.HAL_FDCAN_TxEventFifoCallback  stm32h7xx_hal_fdcan.o
    0x080041ae   0x080041ae   0x00000002   Code   RO         5288    i.HAL_FDCAN_TxFifoEmptyCallback  stm32h7xx_hal_fdcan.o
    0x080041b0   0x080041b0   0x00000214   Code   RO         3248    i.HAL_GPIO_Init     stm32h7xx_hal_gpio.o
    0x080043c4   0x080043c4   0x0000000e   Code   RO         3252    i.HAL_GPIO_WritePin  stm32h7xx_hal_gpio.o
    0x080043d2   0x080043d2   0x00000002   PAD
    0x080043d4   0x080043d4   0x0000000c   Code   RO         4266    i.HAL_GetTick       stm32h7xx_hal.o
    0x080043e0   0x080043e0   0x00000010   Code   RO         4272    i.HAL_IncTick       stm32h7xx_hal.o
    0x080043f0   0x080043f0   0x0000005c   Code   RO         4273    i.HAL_Init          stm32h7xx_hal.o
    0x0800444c   0x0800444c   0x00000090   Code   RO          986    i.HAL_InitTick      stm32h7xx_hal_timebase_tim.o
    0x080044dc   0x080044dc   0x00000024   Code   RO          962    i.HAL_MspInit       stm32h7xx_hal_msp.o
    0x08004500   0x08004500   0x0000001a   Code   RO         4098    i.HAL_NVIC_EnableIRQ  stm32h7xx_hal_cortex.o
    0x0800451a   0x0800451a   0x00000002   PAD
    0x0800451c   0x0800451c   0x00000040   Code   RO         4104    i.HAL_NVIC_SetPriority  stm32h7xx_hal_cortex.o
    0x0800455c   0x0800455c   0x00000024   Code   RO         4105    i.HAL_NVIC_SetPriorityGrouping  stm32h7xx_hal_cortex.o
    0x08004580   0x08004580   0x00000028   Code   RO         2293    i.HAL_PCDEx_ActivateLPM  stm32h7xx_hal_pcd_ex.o
    0x080045a8   0x080045a8   0x00000002   Code   RO         2298    i.HAL_PCDEx_LPM_Callback  stm32h7xx_hal_pcd_ex.o
    0x080045aa   0x080045aa   0x00000008   Code   RO         2299    i.HAL_PCDEx_SetRxFiFo  stm32h7xx_hal_pcd_ex.o
    0x080045b2   0x080045b2   0x00000042   Code   RO         2300    i.HAL_PCDEx_SetTxFiFo  stm32h7xx_hal_pcd_ex.o
    0x080045f4   0x080045f4   0x00000008   Code   RO         9608    i.HAL_PCD_ConnectCallback  usbd_conf.o
    0x080045fc   0x080045fc   0x00000012   Code   RO         9609    i.HAL_PCD_DataInStageCallback  usbd_conf.o
    0x0800460e   0x0800460e   0x00000014   Code   RO         9610    i.HAL_PCD_DataOutStageCallback  usbd_conf.o
    0x08004622   0x08004622   0x00000008   Code   RO         9611    i.HAL_PCD_DisconnectCallback  usbd_conf.o
    0x0800462a   0x0800462a   0x0000001e   Code   RO         2064    i.HAL_PCD_EP_Abort  stm32h7xx_hal_pcd.o
    0x08004648   0x08004648   0x00000048   Code   RO         2065    i.HAL_PCD_EP_Close  stm32h7xx_hal_pcd.o
    0x08004690   0x08004690   0x00000058   Code   RO         2066    i.HAL_PCD_EP_ClrStall  stm32h7xx_hal_pcd.o
    0x080046e8   0x080046e8   0x00000012   Code   RO         2068    i.HAL_PCD_EP_GetRxCount  stm32h7xx_hal_pcd.o
    0x080046fa   0x080046fa   0x0000005c   Code   RO         2069    i.HAL_PCD_EP_Open   stm32h7xx_hal_pcd.o
    0x08004756   0x08004756   0x00000032   Code   RO         2070    i.HAL_PCD_EP_Receive  stm32h7xx_hal_pcd.o
    0x08004788   0x08004788   0x00000070   Code   RO         2071    i.HAL_PCD_EP_SetStall  stm32h7xx_hal_pcd.o
    0x080047f8   0x080047f8   0x00000032   Code   RO         2072    i.HAL_PCD_EP_Transmit  stm32h7xx_hal_pcd.o
    0x0800482a   0x0800482a   0x00000542   Code   RO         2074    i.HAL_PCD_IRQHandler  stm32h7xx_hal_pcd.o
    0x08004d6c   0x08004d6c   0x00000008   Code   RO         9612    i.HAL_PCD_ISOINIncompleteCallback  usbd_conf.o
    0x08004d74   0x08004d74   0x00000008   Code   RO         9613    i.HAL_PCD_ISOOUTIncompleteCallback  usbd_conf.o
    0x08004d7c   0x08004d7c   0x000000d8   Code   RO         2077    i.HAL_PCD_Init      stm32h7xx_hal_pcd.o
    0x08004e54   0x08004e54   0x00000064   Code   RO         9615    i.HAL_PCD_MspInit   usbd_conf.o
    0x08004eb8   0x08004eb8   0x0000002e   Code   RO         9616    i.HAL_PCD_ResetCallback  usbd_conf.o
    0x08004ee6   0x08004ee6   0x00000008   Code   RO         9617    i.HAL_PCD_ResumeCallback  usbd_conf.o
    0x08004eee   0x08004eee   0x00000008   Code   RO         9618    i.HAL_PCD_SOFCallback  usbd_conf.o
    0x08004ef6   0x08004ef6   0x00000026   Code   RO         2083    i.HAL_PCD_SetAddress  stm32h7xx_hal_pcd.o
    0x08004f1c   0x08004f1c   0x0000000e   Code   RO         9619    i.HAL_PCD_SetupStageCallback  usbd_conf.o
    0x08004f2a   0x08004f2a   0x00000042   Code   RO         2086    i.HAL_PCD_Start     stm32h7xx_hal_pcd.o
    0x08004f6c   0x08004f6c   0x00000030   Code   RO         9620    i.HAL_PCD_SuspendCallback  usbd_conf.o
    0x08004f9c   0x08004f9c   0x00000058   Code   RO         3849    i.HAL_PWREx_ConfigSupply  stm32h7xx_hal_pwr_ex.o
    0x08004ff4   0x08004ff4   0x00000010   Code   RO         3866    i.HAL_PWREx_EnableUSBVoltageDetector  stm32h7xx_hal_pwr_ex.o
    0x08005004   0x08005004   0x00000024   Code   RO         2791    i.HAL_RCCEx_GetD3PCLK1Freq  stm32h7xx_hal_rcc_ex.o
    0x08005028   0x08005028   0x000001c0   Code   RO         2793    i.HAL_RCCEx_GetPLL2ClockFreq  stm32h7xx_hal_rcc_ex.o
    0x080051e8   0x080051e8   0x000001c0   Code   RO         2794    i.HAL_RCCEx_GetPLL3ClockFreq  stm32h7xx_hal_rcc_ex.o
    0x080053a8   0x080053a8   0x00000990   Code   RO         2800    i.HAL_RCCEx_PeriphCLKConfig  stm32h7xx_hal_rcc_ex.o
    0x08005d38   0x08005d38   0x0000027c   Code   RO         2676    i.HAL_RCC_ClockConfig  stm32h7xx_hal_rcc.o
    0x08005fb4   0x08005fb4   0x00000060   Code   RO         2680    i.HAL_RCC_GetClockConfig  stm32h7xx_hal_rcc.o
    0x08006014   0x08006014   0x00000044   Code   RO         2681    i.HAL_RCC_GetHCLKFreq  stm32h7xx_hal_rcc.o
    0x08006058   0x08006058   0x00000024   Code   RO         2683    i.HAL_RCC_GetPCLK1Freq  stm32h7xx_hal_rcc.o
    0x0800607c   0x0800607c   0x00000024   Code   RO         2684    i.HAL_RCC_GetPCLK2Freq  stm32h7xx_hal_rcc.o
    0x080060a0   0x080060a0   0x000001b4   Code   RO         2685    i.HAL_RCC_GetSysClockFreq  stm32h7xx_hal_rcc.o
    0x08006254   0x08006254   0x000005d8   Code   RO         2688    i.HAL_RCC_OscConfig  stm32h7xx_hal_rcc.o
    0x0800682c   0x0800682c   0x00000002   Code   RO         5814    i.HAL_SPI_ErrorCallback  stm32h7xx_hal_spi.o
    0x0800682e   0x0800682e   0x00000002   PAD
    0x08006830   0x08006830   0x00000230   Code   RO         5817    i.HAL_SPI_IRQHandler  stm32h7xx_hal_spi.o
    0x08006a60   0x08006a60   0x00000174   Code   RO         5818    i.HAL_SPI_Init      stm32h7xx_hal_spi.o
    0x08006bd4   0x08006bd4   0x00000138   Code   RO          662    i.HAL_SPI_MspInit   spi.o
    0x08006d0c   0x08006d0c   0x00000002   Code   RO         5824    i.HAL_SPI_RxCpltCallback  stm32h7xx_hal_spi.o
    0x08006d0e   0x08006d0e   0x00000002   Code   RO         5826    i.HAL_SPI_SuspendCallback  stm32h7xx_hal_spi.o
    0x08006d10   0x08006d10   0x000003b8   Code   RO         5828    i.HAL_SPI_TransmitReceive  stm32h7xx_hal_spi.o
    0x080070c8   0x080070c8   0x00000002   Code   RO         5833    i.HAL_SPI_TxCpltCallback  stm32h7xx_hal_spi.o
    0x080070ca   0x080070ca   0x00000002   Code   RO         5835    i.HAL_SPI_TxRxCpltCallback  stm32h7xx_hal_spi.o
    0x080070cc   0x080070cc   0x00000002   Code   RO         1752    i.HAL_TIMEx_Break2Callback  stm32h7xx_hal_tim_ex.o
    0x080070ce   0x080070ce   0x00000002   Code   RO         1753    i.HAL_TIMEx_BreakCallback  stm32h7xx_hal_tim_ex.o
    0x080070d0   0x080070d0   0x00000002   Code   RO         1754    i.HAL_TIMEx_CommutCallback  stm32h7xx_hal_tim_ex.o
    0x080070d2   0x080070d2   0x00000002   PAD
    0x080070d4   0x080070d4   0x000000b4   Code   RO         1775    i.HAL_TIMEx_MasterConfigSynchronization  stm32h7xx_hal_tim_ex.o
    0x08007188   0x08007188   0x0000004e   Code   RO         1027    i.HAL_TIM_Base_Init  stm32h7xx_hal_tim.o
    0x080071d6   0x080071d6   0x00000002   Code   RO         1029    i.HAL_TIM_Base_MspInit  stm32h7xx_hal_tim.o
    0x080071d8   0x080071d8   0x000000a8   Code   RO         1032    i.HAL_TIM_Base_Start_IT  stm32h7xx_hal_tim.o
    0x08007280   0x08007280   0x00000002   Code   RO         1061    i.HAL_TIM_IC_CaptureCallback  stm32h7xx_hal_tim.o
    0x08007282   0x08007282   0x00000152   Code   RO         1075    i.HAL_TIM_IRQHandler  stm32h7xx_hal_tim.o
    0x080073d4   0x080073d4   0x00000050   Code   RO          703    i.HAL_TIM_MspPostInit  tim.o
    0x08007424   0x08007424   0x00000002   Code   RO         1078    i.HAL_TIM_OC_DelayElapsedCallback  stm32h7xx_hal_tim.o
    0x08007426   0x08007426   0x00000136   Code   RO         1099    i.HAL_TIM_PWM_ConfigChannel  stm32h7xx_hal_tim.o
    0x0800755c   0x0800755c   0x0000004e   Code   RO         1102    i.HAL_TIM_PWM_Init  stm32h7xx_hal_tim.o
    0x080075aa   0x080075aa   0x00000002   PAD
    0x080075ac   0x080075ac   0x00000028   Code   RO          705    i.HAL_TIM_PWM_MspInit  tim.o
    0x080075d4   0x080075d4   0x00000002   Code   RO         1105    i.HAL_TIM_PWM_PulseFinishedCallback  stm32h7xx_hal_tim.o
    0x080075d6   0x080075d6   0x0000000e   Code   RO           14    i.HAL_TIM_PeriodElapsedCallback  main.o
    0x080075e4   0x080075e4   0x00000002   Code   RO         1118    i.HAL_TIM_TriggerCallback  stm32h7xx_hal_tim.o
    0x080075e6   0x080075e6   0x0000003e   Code   RO         6566    i.HAL_UARTEx_DisableFifoMode  stm32h7xx_hal_uart_ex.o
    0x08007624   0x08007624   0x00000052   Code   RO         6572    i.HAL_UARTEx_ReceiveToIdle_DMA  stm32h7xx_hal_uart_ex.o
    0x08007676   0x08007676   0x00000002   PAD
    0x08007678   0x08007678   0x00000150   Code   RO         9134    i.HAL_UARTEx_RxEventCallback  bsp_sbus.o
    0x080077c8   0x080077c8   0x00000002   Code   RO         6574    i.HAL_UARTEx_RxFifoFullCallback  stm32h7xx_hal_uart_ex.o
    0x080077ca   0x080077ca   0x0000004c   Code   RO         6575    i.HAL_UARTEx_SetRxFifoThreshold  stm32h7xx_hal_uart_ex.o
    0x08007816   0x08007816   0x0000004c   Code   RO         6576    i.HAL_UARTEx_SetTxFifoThreshold  stm32h7xx_hal_uart_ex.o
    0x08007862   0x08007862   0x00000002   Code   RO         6578    i.HAL_UARTEx_TxFifoEmptyCallback  stm32h7xx_hal_uart_ex.o
    0x08007864   0x08007864   0x00000002   Code   RO         6579    i.HAL_UARTEx_WakeupCallback  stm32h7xx_hal_uart_ex.o
    0x08007866   0x08007866   0x00000002   Code   RO         6166    i.HAL_UART_ErrorCallback  stm32h7xx_hal_uart.o
    0x08007868   0x08007868   0x00000394   Code   RO         6169    i.HAL_UART_IRQHandler  stm32h7xx_hal_uart.o
    0x08007bfc   0x08007bfc   0x00000070   Code   RO         6170    i.HAL_UART_Init     stm32h7xx_hal_uart.o
    0x08007c6c   0x08007c6c   0x00000358   Code   RO          752    i.HAL_UART_MspInit  usart.o
    0x08007fc4   0x08007fc4   0x00000002   Code   RO         6177    i.HAL_UART_RxCpltCallback  stm32h7xx_hal_uart.o
    0x08007fc6   0x08007fc6   0x00000002   Code   RO         6178    i.HAL_UART_RxHalfCpltCallback  stm32h7xx_hal_uart.o
    0x08007fc8   0x08007fc8   0x00000002   Code   RO         6182    i.HAL_UART_TxCpltCallback  stm32h7xx_hal_uart.o
    0x08007fca   0x08007fca   0x00000002   Code   RO          822    i.HardFault_Handler  stm32h7xx_it.o
    0x08007fcc   0x08007fcc   0x00000034   Code   RO         8718    i.INS_Init          ins_task.o
    0x08008000   0x08008000   0x00000006   Code   RO          494    i.INS_Task          freertos.o
    0x08008006   0x08008006   0x00000002   PAD
    0x08008008   0x08008008   0x0000024c   Code   RO         8719    i.INS_task          ins_task.o
    0x08008254   0x08008254   0x0000003a   Code   RO         9451    i.IntToUnicode      usbd_desc.o
    0x0800828e   0x0800828e   0x0000002e   Code   RO         8792    i.LQR_K_calc        chassisr_task.o
    0x080082bc   0x080082bc   0x0000007c   Code   RO          558    i.MX_DMA_Init       dma.o
    0x08008338   0x08008338   0x00000064   Code   RO          587    i.MX_FDCAN1_Init    fdcan.o
    0x0800839c   0x0800839c   0x0000006c   Code   RO          588    i.MX_FDCAN2_Init    fdcan.o
    0x08008408   0x08008408   0x0000006c   Code   RO          589    i.MX_FDCAN3_Init    fdcan.o
    0x08008474   0x08008474   0x00000054   Code   RO          495    i.MX_FREERTOS_Init  freertos.o
    0x080084c8   0x080084c8   0x00000130   Code   RO          340    i.MX_GPIO_Init      gpio.o
    0x080085f8   0x080085f8   0x00000060   Code   RO          663    i.MX_SPI2_Init      spi.o
    0x08008658   0x08008658   0x00000074   Code   RO          706    i.MX_TIM3_Init      tim.o
    0x080086cc   0x080086cc   0x00000078   Code   RO          753    i.MX_UART5_Init     usart.o
    0x08008744   0x08008744   0x00000074   Code   RO          754    i.MX_UART7_Init     usart.o
    0x080087b8   0x080087b8   0x00000068   Code   RO          755    i.MX_USART10_UART_Init  usart.o
    0x08008820   0x08008820   0x00000068   Code   RO          756    i.MX_USART1_UART_Init  usart.o
    0x08008888   0x08008888   0x00000054   Code   RO         9389    i.MX_USB_DEVICE_Init  usb_device.o
    0x080088dc   0x080088dc   0x00000002   Code   RO          823    i.MemManage_Handler  stm32h7xx_it.o
    0x080088de   0x080088de   0x00000002   Code   RO          824    i.NMI_Handler       stm32h7xx_it.o
    0x080088e0   0x080088e0   0x0000000c   Code   RO          825    i.OTG_HS_IRQHandler  stm32h7xx_it.o
    0x080088ec   0x080088ec   0x00000048   Code   RO         2089    i.PCD_EP_OutSetupPacket_int  stm32h7xx_hal_pcd.o
    0x08008934   0x08008934   0x000000e4   Code   RO         2090    i.PCD_EP_OutXfrComplete_int  stm32h7xx_hal_pcd.o
    0x08008a18   0x08008a18   0x0000009c   Code   RO         2091    i.PCD_WriteEmptyTxFifo  stm32h7xx_hal_pcd.o
    0x08008ab4   0x08008ab4   0x00000046   Code   RO           15    i.PeriphCommonClock_Config  main.o
    0x08008afa   0x08008afa   0x00000002   PAD
    0x08008afc   0x08008afc   0x00000124   Code   RO         2803    i.RCCEx_PLL2_Config  stm32h7xx_hal_rcc_ex.o
    0x08008c20   0x08008c20   0x00000124   Code   RO         2804    i.RCCEx_PLL3_Config  stm32h7xx_hal_rcc_ex.o
    0x08008d44   0x08008d44   0x000000b2   Code   RO         7004    i.RotationMatrix_update  mahony_filter.o
    0x08008df6   0x08008df6   0x00000002   PAD
    0x08008df8   0x08008df8   0x000000b4   Code   RO         9135    i.SBUS_IT_Open      bsp_sbus.o
    0x08008eac   0x08008eac   0x000001d8   Code   RO         9136    i.SBUS_action       bsp_sbus.o
    0x08009084   0x08009084   0x000000f8   Code   RO         9137    i.SBUS_value_updata  bsp_sbus.o
    0x0800917c   0x0800917c   0x0000000c   Code   RO          826    i.SPI2_IRQHandler   stm32h7xx_it.o
    0x08009188   0x08009188   0x000000ba   Code   RO         5838    i.SPI_CloseTransfer  stm32h7xx_hal_spi.o
    0x08009242   0x08009242   0x00000018   Code   RO         5839    i.SPI_DMAAbortOnError  stm32h7xx_hal_spi.o
    0x0800925a   0x0800925a   0x00000014   Code   RO         5849    i.SPI_GetPacketSize  stm32h7xx_hal_spi.o
    0x0800926e   0x0800926e   0x00000042   Code   RO         5856    i.SPI_WaitOnFlagUntilTimeout  stm32h7xx_hal_spi.o
    0x080092b0   0x080092b0   0x0000000a   Code   RO         9985    i.SWAPBYTE          usbd_ctlreq.o
    0x080092ba   0x080092ba   0x0000000c   Code   RO          496    i.StartDefaultTask  freertos.o
    0x080092c6   0x080092c6   0x00000002   PAD
    0x080092c8   0x080092c8   0x0000002c   Code   RO         8637    i.SysTick_Handler   port.o
    0x080092f4   0x080092f4   0x0000009c   Code   RO           16    i.SystemClock_Config  main.o
    0x08009390   0x08009390   0x000000c0   Code   RO         6690    i.SystemInit        system_stm32h7xx.o
    0x08009450   0x08009450   0x0000000c   Code   RO          827    i.TIM2_IRQHandler   stm32h7xx_it.o
    0x0800945c   0x0800945c   0x000000e4   Code   RO         1120    i.TIM_Base_SetConfig  stm32h7xx_hal_tim.o
    0x08009540   0x08009540   0x000000a0   Code   RO         1133    i.TIM_OC1_SetConfig  stm32h7xx_hal_tim.o
    0x080095e0   0x080095e0   0x00000094   Code   RO         1134    i.TIM_OC2_SetConfig  stm32h7xx_hal_tim.o
    0x08009674   0x08009674   0x00000094   Code   RO         1135    i.TIM_OC3_SetConfig  stm32h7xx_hal_tim.o
    0x08009708   0x08009708   0x00000074   Code   RO         1136    i.TIM_OC4_SetConfig  stm32h7xx_hal_tim.o
    0x0800977c   0x0800977c   0x00000070   Code   RO         1137    i.TIM_OC5_SetConfig  stm32h7xx_hal_tim.o
    0x080097ec   0x080097ec   0x00000070   Code   RO         1138    i.TIM_OC6_SetConfig  stm32h7xx_hal_tim.o
    0x0800985c   0x0800985c   0x00000040   Code   RO         8793    i.Turn              chassisr_task.o
    0x0800989c   0x0800989c   0x0000000c   Code   RO          828    i.UART5_IRQHandler  stm32h7xx_it.o
    0x080098a8   0x080098a8   0x0000000c   Code   RO          829    i.UART7_IRQHandler  stm32h7xx_it.o
    0x080098b4   0x080098b4   0x00000048   Code   RO         6580    i.UARTEx_SetNbDataToProcess  stm32h7xx_hal_uart_ex.o
    0x080098fc   0x080098fc   0x000000c8   Code   RO         6184    i.UART_AdvFeatureConfig  stm32h7xx_hal_uart.o
    0x080099c4   0x080099c4   0x000000aa   Code   RO         6185    i.UART_CheckIdleState  stm32h7xx_hal_uart.o
    0x08009a6e   0x08009a6e   0x00000014   Code   RO         6186    i.UART_DMAAbortOnError  stm32h7xx_hal_uart.o
    0x08009a82   0x08009a82   0x00000050   Code   RO         6187    i.UART_DMAError     stm32h7xx_hal_uart.o
    0x08009ad2   0x08009ad2   0x00000084   Code   RO         6188    i.UART_DMAReceiveCplt  stm32h7xx_hal_uart.o
    0x08009b56   0x08009b56   0x00000020   Code   RO         6190    i.UART_DMARxHalfCplt  stm32h7xx_hal_uart.o
    0x08009b76   0x08009b76   0x00000002   PAD
    0x08009b78   0x08009b78   0x00000054   Code   RO         6196    i.UART_EndRxTransfer  stm32h7xx_hal_uart.o
    0x08009bcc   0x08009bcc   0x00000024   Code   RO         6197    i.UART_EndTransmit_IT  stm32h7xx_hal_uart.o
    0x08009bf0   0x08009bf0   0x0000002e   Code   RO         6198    i.UART_EndTxTransfer  stm32h7xx_hal_uart.o
    0x08009c1e   0x08009c1e   0x00000002   PAD
    0x08009c20   0x08009c20   0x0000052e   Code   RO         6203    i.UART_SetConfig    stm32h7xx_hal_uart.o
    0x0800a14e   0x0800a14e   0x00000002   PAD
    0x0800a150   0x0800a150   0x000000a4   Code   RO         6204    i.UART_Start_Receive_DMA  stm32h7xx_hal_uart.o
    0x0800a1f4   0x0800a1f4   0x00000098   Code   RO         6210    i.UART_WaitOnFlagUntilTimeout  stm32h7xx_hal_uart.o
    0x0800a28c   0x0800a28c   0x0000000c   Code   RO          830    i.USART1_IRQHandler  stm32h7xx_it.o
    0x0800a298   0x0800a298   0x00000078   Code   RO        10156    i.USBD_CDC_DataIn   usbd_cdc.o
    0x0800a310   0x0800a310   0x0000003e   Code   RO        10157    i.USBD_CDC_DataOut  usbd_cdc.o
    0x0800a34e   0x0800a34e   0x00000002   PAD
    0x0800a350   0x0800a350   0x00000094   Code   RO        10158    i.USBD_CDC_DeInit   usbd_cdc.o
    0x0800a3e4   0x0800a3e4   0x00000038   Code   RO        10159    i.USBD_CDC_EP0_RxReady  usbd_cdc.o
    0x0800a41c   0x0800a41c   0x0000000c   Code   RO        10160    i.USBD_CDC_GetDeviceQualifierDescriptor  usbd_cdc.o
    0x0800a428   0x0800a428   0x0000003c   Code   RO        10161    i.USBD_CDC_GetFSCfgDesc  usbd_cdc.o
    0x0800a464   0x0800a464   0x00000040   Code   RO        10162    i.USBD_CDC_GetHSCfgDesc  usbd_cdc.o
    0x0800a4a4   0x0800a4a4   0x0000003c   Code   RO        10163    i.USBD_CDC_GetOtherSpeedCfgDesc  usbd_cdc.o
    0x0800a4e0   0x0800a4e0   0x0000015c   Code   RO        10164    i.USBD_CDC_Init     usbd_cdc.o
    0x0800a63c   0x0800a63c   0x00000040   Code   RO        10165    i.USBD_CDC_ReceivePacket  usbd_cdc.o
    0x0800a67c   0x0800a67c   0x00000018   Code   RO        10166    i.USBD_CDC_RegisterInterface  usbd_cdc.o
    0x0800a694   0x0800a694   0x0000001c   Code   RO        10167    i.USBD_CDC_SetRxBuffer  usbd_cdc.o
    0x0800a6b0   0x0800a6b0   0x00000020   Code   RO        10168    i.USBD_CDC_SetTxBuffer  usbd_cdc.o
    0x0800a6d0   0x0800a6d0   0x0000010a   Code   RO        10169    i.USBD_CDC_Setup    usbd_cdc.o
    0x0800a7da   0x0800a7da   0x00000014   Code   RO         9819    i.USBD_ClrClassConfig  usbd_core.o
    0x0800a7ee   0x0800a7ee   0x00000026   Code   RO         9986    i.USBD_ClrFeature   usbd_ctlreq.o
    0x0800a814   0x0800a814   0x00000004   Code   RO         9820    i.USBD_CoreFindEP   usbd_core.o
    0x0800a818   0x0800a818   0x00000004   Code   RO         9821    i.USBD_CoreFindIF   usbd_core.o
    0x0800a81c   0x0800a81c   0x00000010   Code   RO        10092    i.USBD_CtlContinueRx  usbd_ioreq.o
    0x0800a82c   0x0800a82c   0x00000010   Code   RO        10093    i.USBD_CtlContinueSendData  usbd_ioreq.o
    0x0800a83c   0x0800a83c   0x00000018   Code   RO         9987    i.USBD_CtlError     usbd_ctlreq.o
    0x0800a854   0x0800a854   0x0000001e   Code   RO        10094    i.USBD_CtlPrepareRx  usbd_ioreq.o
    0x0800a872   0x0800a872   0x00000016   Code   RO        10095    i.USBD_CtlReceiveStatus  usbd_ioreq.o
    0x0800a888   0x0800a888   0x0000001a   Code   RO        10096    i.USBD_CtlSendData  usbd_ioreq.o
    0x0800a8a2   0x0800a8a2   0x00000016   Code   RO        10097    i.USBD_CtlSendStatus  usbd_ioreq.o
    0x0800a8b8   0x0800a8b8   0x0000003a   Code   RO         9988    i.USBD_GetConfig    usbd_ctlreq.o
    0x0800a8f2   0x0800a8f2   0x000001e4   Code   RO         9989    i.USBD_GetDescriptor  usbd_ctlreq.o
    0x0800aad6   0x0800aad6   0x0000003a   Code   RO         9823    i.USBD_GetEpDesc    usbd_core.o
    0x0800ab10   0x0800ab10   0x00000014   Code   RO         9990    i.USBD_GetLen       usbd_ctlreq.o
    0x0800ab24   0x0800ab24   0x0000000e   Code   RO         9824    i.USBD_GetNextDesc  usbd_core.o
    0x0800ab32   0x0800ab32   0x0000003c   Code   RO         9991    i.USBD_GetStatus    usbd_ctlreq.o
    0x0800ab6e   0x0800ab6e   0x00000050   Code   RO         9992    i.USBD_GetString    usbd_ctlreq.o
    0x0800abbe   0x0800abbe   0x00000024   Code   RO         9621    i.USBD_Get_USB_Status  usbd_conf.o
    0x0800abe2   0x0800abe2   0x00000002   PAD
    0x0800abe4   0x0800abe4   0x00000030   Code   RO         9452    i.USBD_HS_ConfigStrDescriptor  usbd_desc.o
    0x0800ac14   0x0800ac14   0x0000000c   Code   RO         9453    i.USBD_HS_DeviceDescriptor  usbd_desc.o
    0x0800ac20   0x0800ac20   0x00000034   Code   RO         9454    i.USBD_HS_InterfaceStrDescriptor  usbd_desc.o
    0x0800ac54   0x0800ac54   0x0000000c   Code   RO         9455    i.USBD_HS_LangIDStrDescriptor  usbd_desc.o
    0x0800ac60   0x0800ac60   0x00000028   Code   RO         9456    i.USBD_HS_ManufacturerStrDescriptor  usbd_desc.o
    0x0800ac88   0x0800ac88   0x0000003c   Code   RO         9457    i.USBD_HS_ProductStrDescriptor  usbd_desc.o
    0x0800acc4   0x0800acc4   0x00000014   Code   RO         9458    i.USBD_HS_SerialStrDescriptor  usbd_desc.o
    0x0800acd8   0x0800acd8   0x00000028   Code   RO         9825    i.USBD_Init         usbd_core.o
    0x0800ad00   0x0800ad00   0x00000012   Code   RO         9622    i.USBD_LL_ClearStallEP  usbd_conf.o
    0x0800ad12   0x0800ad12   0x00000012   Code   RO         9623    i.USBD_LL_CloseEP   usbd_conf.o
    0x0800ad24   0x0800ad24   0x000000dc   Code   RO         9826    i.USBD_LL_DataInStage  usbd_core.o
    0x0800ae00   0x0800ae00   0x000000ca   Code   RO         9827    i.USBD_LL_DataOutStage  usbd_core.o
    0x0800aeca   0x0800aeca   0x00000004   Code   RO         9828    i.USBD_LL_DevConnected  usbd_core.o
    0x0800aece   0x0800aece   0x00000020   Code   RO         9829    i.USBD_LL_DevDisconnected  usbd_core.o
    0x0800aeee   0x0800aeee   0x00000008   Code   RO         9627    i.USBD_LL_GetRxDataSize  usbd_conf.o
    0x0800aef6   0x0800aef6   0x00000002   PAD
    0x0800aef8   0x0800aef8   0x00000068   Code   RO         9628    i.USBD_LL_Init      usbd_conf.o
    0x0800af60   0x0800af60   0x0000001e   Code   RO         9629    i.USBD_LL_IsStallEP  usbd_conf.o
    0x0800af7e   0x0800af7e   0x0000002a   Code   RO         9830    i.USBD_LL_IsoINIncomplete  usbd_core.o
    0x0800afa8   0x0800afa8   0x0000002a   Code   RO         9831    i.USBD_LL_IsoOUTIncomplete  usbd_core.o
    0x0800afd2   0x0800afd2   0x00000018   Code   RO         9630    i.USBD_LL_OpenEP    usbd_conf.o
    0x0800afea   0x0800afea   0x00000012   Code   RO         9631    i.USBD_LL_PrepareReceive  usbd_conf.o
    0x0800affc   0x0800affc   0x00000060   Code   RO         9832    i.USBD_LL_Reset     usbd_core.o
    0x0800b05c   0x0800b05c   0x00000014   Code   RO         9833    i.USBD_LL_Resume    usbd_core.o
    0x0800b070   0x0800b070   0x0000001a   Code   RO         9834    i.USBD_LL_SOF       usbd_core.o
    0x0800b08a   0x0800b08a   0x00000006   Code   RO         9835    i.USBD_LL_SetSpeed  usbd_core.o
    0x0800b090   0x0800b090   0x00000012   Code   RO         9632    i.USBD_LL_SetUSBAddress  usbd_conf.o
    0x0800b0a2   0x0800b0a2   0x00000060   Code   RO         9836    i.USBD_LL_SetupStage  usbd_core.o
    0x0800b102   0x0800b102   0x00000012   Code   RO         9633    i.USBD_LL_StallEP   usbd_conf.o
    0x0800b114   0x0800b114   0x00000012   Code   RO         9634    i.USBD_LL_Start     usbd_conf.o
    0x0800b126   0x0800b126   0x0000001a   Code   RO         9837    i.USBD_LL_Suspend   usbd_core.o
    0x0800b140   0x0800b140   0x00000012   Code   RO         9636    i.USBD_LL_Transmit  usbd_conf.o
    0x0800b152   0x0800b152   0x00000032   Code   RO         9993    i.USBD_ParseSetupRequest  usbd_ctlreq.o
    0x0800b184   0x0800b184   0x0000003a   Code   RO         9838    i.USBD_RegisterClass  usbd_core.o
    0x0800b1be   0x0800b1be   0x00000004   Code   RO         9839    i.USBD_RunTestMode  usbd_core.o
    0x0800b1c2   0x0800b1c2   0x00000058   Code   RO         9994    i.USBD_SetAddress   usbd_ctlreq.o
    0x0800b21a   0x0800b21a   0x00000014   Code   RO         9840    i.USBD_SetClassConfig  usbd_core.o
    0x0800b22e   0x0800b22e   0x00000002   PAD
    0x0800b230   0x0800b230   0x000000dc   Code   RO         9995    i.USBD_SetConfig    usbd_ctlreq.o
    0x0800b30c   0x0800b30c   0x00000024   Code   RO         9996    i.USBD_SetFeature   usbd_ctlreq.o
    0x0800b330   0x0800b330   0x00000004   Code   RO         9841    i.USBD_Start        usbd_core.o
    0x0800b334   0x0800b334   0x00000076   Code   RO         9997    i.USBD_StdDevReq    usbd_ctlreq.o
    0x0800b3aa   0x0800b3aa   0x00000220   Code   RO         9998    i.USBD_StdEPReq     usbd_ctlreq.o
    0x0800b5ca   0x0800b5ca   0x0000008e   Code   RO         9999    i.USBD_StdItfReq    usbd_ctlreq.o
    0x0800b658   0x0800b658   0x00000002   Code   RO         9637    i.USBD_static_free  usbd_conf.o
    0x0800b65a   0x0800b65a   0x00000002   PAD
    0x0800b65c   0x0800b65c   0x00000008   Code   RO         9638    i.USBD_static_malloc  usbd_conf.o
    0x0800b664   0x0800b664   0x00000084   Code   RO         2365    i.USB_ActivateEndpoint  stm32h7xx_ll_usb.o
    0x0800b6e8   0x0800b6e8   0x0000001c   Code   RO         2367    i.USB_ActivateSetup  stm32h7xx_ll_usb.o
    0x0800b704   0x0800b704   0x0000009c   Code   RO         2369    i.USB_CoreInit      stm32h7xx_ll_usb.o
    0x0800b7a0   0x0800b7a0   0x00000044   Code   RO         2370    i.USB_CoreReset     stm32h7xx_ll_usb.o
    0x0800b7e4   0x0800b7e4   0x000000c8   Code   RO         2373    i.USB_DeactivateEndpoint  stm32h7xx_ll_usb.o
    0x0800b8ac   0x0800b8ac   0x0000001c   Code   RO         2374    i.USB_DevConnect    stm32h7xx_ll_usb.o
    0x0800b8c8   0x0800b8c8   0x0000001c   Code   RO         2375    i.USB_DevDisconnect  stm32h7xx_ll_usb.o
    0x0800b8e4   0x0800b8e4   0x0000016c   Code   RO         2376    i.USB_DevInit       stm32h7xx_ll_usb.o
    0x0800ba50   0x0800ba50   0x0000000c   Code   RO         2377    i.USB_DisableGlobalInt  stm32h7xx_ll_usb.o
    0x0800ba5c   0x0800ba5c   0x00000054   Code   RO         2380    i.USB_EP0_OutStart  stm32h7xx_ll_usb.o
    0x0800bab0   0x0800bab0   0x00000058   Code   RO         2381    i.USB_EPClearStall  stm32h7xx_ll_usb.o
    0x0800bb08   0x0800bb08   0x00000058   Code   RO         2382    i.USB_EPSetStall    stm32h7xx_ll_usb.o
    0x0800bb60   0x0800bb60   0x0000024c   Code   RO         2383    i.USB_EPStartXfer   stm32h7xx_ll_usb.o
    0x0800bdac   0x0800bdac   0x000000a4   Code   RO         2384    i.USB_EPStopXfer    stm32h7xx_ll_usb.o
    0x0800be50   0x0800be50   0x0000000c   Code   RO         2385    i.USB_EnableGlobalInt  stm32h7xx_ll_usb.o
    0x0800be5c   0x0800be5c   0x00000040   Code   RO         2386    i.USB_FlushRxFifo   stm32h7xx_ll_usb.o
    0x0800be9c   0x0800be9c   0x00000044   Code   RO         2387    i.USB_FlushTxFifo   stm32h7xx_ll_usb.o
    0x0800bee0   0x0800bee0   0x00000020   Code   RO         2389    i.USB_GetDevSpeed   stm32h7xx_ll_usb.o
    0x0800bf00   0x0800bf00   0x00000008   Code   RO         2391    i.USB_GetMode       stm32h7xx_ll_usb.o
    0x0800bf08   0x0800bf08   0x0000000e   Code   RO         2399    i.USB_ReadDevAllInEpInterrupt  stm32h7xx_ll_usb.o
    0x0800bf16   0x0800bf16   0x0000000e   Code   RO         2400    i.USB_ReadDevAllOutEpInterrupt  stm32h7xx_ll_usb.o
    0x0800bf24   0x0800bf24   0x00000024   Code   RO         2401    i.USB_ReadDevInEPInterrupt  stm32h7xx_ll_usb.o
    0x0800bf48   0x0800bf48   0x00000010   Code   RO         2402    i.USB_ReadDevOutEPInterrupt  stm32h7xx_ll_usb.o
    0x0800bf58   0x0800bf58   0x00000008   Code   RO         2403    i.USB_ReadInterrupts  stm32h7xx_ll_usb.o
    0x0800bf60   0x0800bf60   0x0000003e   Code   RO         2404    i.USB_ReadPacket    stm32h7xx_ll_usb.o
    0x0800bf9e   0x0800bf9e   0x00000060   Code   RO         2406    i.USB_SetCurrentMode  stm32h7xx_ll_usb.o
    0x0800bffe   0x0800bffe   0x0000001e   Code   RO         2407    i.USB_SetDevAddress  stm32h7xx_ll_usb.o
    0x0800c01c   0x0800c01c   0x0000000e   Code   RO         2408    i.USB_SetDevSpeed   stm32h7xx_ll_usb.o
    0x0800c02a   0x0800c02a   0x00000002   PAD
    0x0800c02c   0x0800c02c   0x000000f4   Code   RO         2409    i.USB_SetTurnaroundTime  stm32h7xx_ll_usb.o
    0x0800c120   0x0800c120   0x00000028   Code   RO         2412    i.USB_WritePacket   stm32h7xx_ll_usb.o
    0x0800c148   0x0800c148   0x00000002   Code   RO          831    i.UsageFault_Handler  stm32h7xx_it.o
    0x0800c14a   0x0800c14a   0x00000026   Code   RO        10538    i.__ARM_fpclassifyf  m_wv.l(fpclassifyf.o)
    0x0800c170   0x0800c170   0x00000020   Code   RO         4111    i.__NVIC_SetPriority  stm32h7xx_hal_cortex.o
    0x0800c190   0x0800c190   0x00000138   Code   RO        10449    i.__hardfp_asinf    m_wv.l(asinf.o)
    0x0800c2c8   0x0800c2c8   0x00000258   Code   RO        10461    i.__hardfp_atan2f   m_wv.l(atan2f.o)
    0x0800c520   0x0800c520   0x00000066   Code   RO        10473    i.__hardfp_sqrt     m_wv.l(sqrt.o)
    0x0800c586   0x0800c586   0x0000003a   Code   RO        10485    i.__hardfp_sqrtf    m_wv.l(sqrtf.o)
    0x0800c5c0   0x0800c5c0   0x00000006   Code   RO        10541    i.__mathlib_flt_infnan  m_wv.l(funder.o)
    0x0800c5c6   0x0800c5c6   0x00000006   Code   RO        10542    i.__mathlib_flt_infnan2  m_wv.l(funder.o)
    0x0800c5cc   0x0800c5cc   0x00000010   Code   RO        10543    i.__mathlib_flt_invalid  m_wv.l(funder.o)
    0x0800c5dc   0x0800c5dc   0x00000010   Code   RO        10546    i.__mathlib_flt_underflow  m_wv.l(funder.o)
    0x0800c5ec   0x0800c5ec   0x0000000e   Code   RO        10586    i.__scatterload_copy  mc_w.l(handlers.o)
    0x0800c5fa   0x0800c5fa   0x00000002   Code   RO        10587    i.__scatterload_null  mc_w.l(handlers.o)
    0x0800c5fc   0x0800c5fc   0x0000000e   Code   RO        10588    i.__scatterload_zeroinit  mc_w.l(handlers.o)
    0x0800c60a   0x0800c60a   0x00000002   PAD
    0x0800c60c   0x0800c60c   0x0000000c   Code   RO        10576    i.__set_errno       mc_w.l(errno.o)
    0x0800c618   0x0800c618   0x00000128   Code   RO         6733    i.bmi088_accel_init  bmi088driver.o
    0x0800c740   0x0800c740   0x000000fc   Code   RO         6734    i.bmi088_gyro_init  bmi088driver.o
    0x0800c83c   0x0800c83c   0x00000066   Code   RO         8946    i.canx_send_data    can_bsp.o
    0x0800c8a2   0x0800c8a2   0x00000002   PAD
    0x0800c8a4   0x0800c8a4   0x000001c0   Code   RO         8794    i.chassisR_feedback_update  chassisr_task.o
    0x0800ca64   0x0800ca64   0x0000009c   Code   RO         6874    i.dm3507_fbdata     dm4310_drv.o
    0x0800cb00   0x0800cb00   0x0000009c   Code   RO         6875    i.dm3510_fbdata     dm4310_drv.o
    0x0800cb9c   0x0800cb9c   0x00000034   Code   RO         6877    i.enable_motor_mode  dm4310_drv.o
    0x0800cbd0   0x0800cbd0   0x00000006   Code   RO         6735    i.fabsf             bmi088driver.o
    0x0800cbd6   0x0800cbd6   0x00000028   Code   RO         6878    i.float_to_uint     dm4310_drv.o
    0x0800cbfe   0x0800cbfe   0x00000006   Code   RO         6879    i.joint_motor_init  dm4310_drv.o
    0x0800cc04   0x0800cc04   0x00000038   Code   RO         7005    i.mahony_init       mahony_filter.o
    0x0800cc3c   0x0800cc3c   0x0000001c   Code   RO         7006    i.mahony_input      mahony_filter.o
    0x0800cc58   0x0800cc58   0x00000036   Code   RO         7007    i.mahony_output     mahony_filter.o
    0x0800cc8e   0x0800cc8e   0x000001ac   Code   RO         7008    i.mahony_update     mahony_filter.o
    0x0800ce3a   0x0800ce3a   0x00000002   PAD
    0x0800ce3c   0x0800ce3c   0x00000088   Code   RO           17    i.main              main.o
    0x0800cec4   0x0800cec4   0x0000000c   Code   RO         8202    i.makeFreeRtosPriority  cmsis_os.o
    0x0800ced0   0x0800ced0   0x000000c4   Code   RO         6881    i.mit_ctrl2         dm4310_drv.o
    0x0800cf94   0x0800cf94   0x000000c4   Code   RO         6882    i.mit_ctrl3         dm4310_drv.o
    0x0800d058   0x0800d058   0x00000024   Code   RO         8795    i.mySaturate        chassisr_task.o
    0x0800d07c   0x0800d07c   0x00000010   Code   RO         9196    i.open_5v_on        bsp_openmv.o
    0x0800d08c   0x0800d08c   0x00000010   Code   RO         8204    i.osDelay           cmsis_os.o
    0x0800d09c   0x0800d09c   0x0000000a   Code   RO         8207    i.osKernelStart     cmsis_os.o
    0x0800d0a6   0x0800d0a6   0x0000002e   Code   RO         8241    i.osThreadCreate    cmsis_os.o
    0x0800d0d4   0x0800d0d4   0x00000070   Code   RO         7879    i.prvAddCurrentTaskToDelayedList  tasks.o
    0x0800d144   0x0800d144   0x00000088   Code   RO         7880    i.prvAddNewTaskToReadyList  tasks.o
    0x0800d1cc   0x0800d1cc   0x0000003c   Code   RO         7881    i.prvCheckTasksWaitingTermination  tasks.o
    0x0800d208   0x0800d208   0x00000014   Code   RO         7882    i.prvDeleteTCB      tasks.o
    0x0800d21c   0x0800d21c   0x0000004c   Code   RO         8569    i.prvHeapInit       heap_4.o
    0x0800d268   0x0800d268   0x00000028   Code   RO         7883    i.prvIdleTask       tasks.o
    0x0800d290   0x0800d290   0x00000094   Code   RO         7884    i.prvInitialiseNewTask  tasks.o
    0x0800d324   0x0800d324   0x00000058   Code   RO         7885    i.prvInitialiseTaskLists  tasks.o
    0x0800d37c   0x0800d37c   0x00000054   Code   RO         8570    i.prvInsertBlockIntoFreeList  heap_4.o
    0x0800d3d0   0x0800d3d0   0x00000024   Code   RO         7886    i.prvResetNextTaskUnblockTime  tasks.o
    0x0800d3f4   0x0800d3f4   0x0000002c   Code   RO         8638    i.prvTaskExitError  port.o
    0x0800d420   0x0800d420   0x000000dc   Code   RO         8571    i.pvPortMalloc      heap_4.o
    0x0800d4fc   0x0800d4fc   0x00000024   Code   RO         8639    i.pxPortInitialiseStack  port.o
    0x0800d520   0x0800d520   0x0000003e   Code   RO        10487    i.sqrtf             m_wv.l(sqrtf.o)
    0x0800d55e   0x0800d55e   0x00000028   Code   RO         6886    i.uint_to_float     dm4310_drv.o
    0x0800d586   0x0800d586   0x00000026   Code   RO         7532    i.uxListRemove      list.o
    0x0800d5ac   0x0800d5ac   0x00000016   Code   RO         7533    i.vListInitialise   list.o
    0x0800d5c2   0x0800d5c2   0x00000006   Code   RO         7534    i.vListInitialiseItem  list.o
    0x0800d5c8   0x0800d5c8   0x00000030   Code   RO         7535    i.vListInsert       list.o
    0x0800d5f8   0x0800d5f8   0x00000018   Code   RO         7536    i.vListInsertEnd    list.o
    0x0800d610   0x0800d610   0x00000040   Code   RO         8641    i.vPortEnterCritical  port.o
    0x0800d650   0x0800d650   0x0000002c   Code   RO         8642    i.vPortExitCritical  port.o
    0x0800d67c   0x0800d67c   0x00000064   Code   RO         8572    i.vPortFree         heap_4.o
    0x0800d6e0   0x0800d6e0   0x00000024   Code   RO         8643    i.vPortSetupTimerInterrupt  port.o
    0x0800d704   0x0800d704   0x00000050   Code   RO         7895    i.vTaskDelay        tasks.o
    0x0800d754   0x0800d754   0x00000068   Code   RO         7908    i.vTaskStartScheduler  tasks.o
    0x0800d7bc   0x0800d7bc   0x00000010   Code   RO         7910    i.vTaskSuspendAll   tasks.o
    0x0800d7cc   0x0800d7cc   0x00000060   Code   RO         7911    i.vTaskSwitchContext  tasks.o
    0x0800d82c   0x0800d82c   0x00000018   Code   RO         9073    i.vofa_init         bsp_vofa.o
    0x0800d844   0x0800d844   0x00000006   Code   RO         6887    i.wheel_motor_init  dm4310_drv.o
    0x0800d84a   0x0800d84a   0x00000002   PAD
    0x0800d84c   0x0800d84c   0x000000f4   Code   RO         8645    i.xPortStartScheduler  port.o
    0x0800d940   0x0800d940   0x00000060   Code   RO         7914    i.xTaskCreate       tasks.o
    0x0800d9a0   0x0800d9a0   0x000000d0   Code   RO         7921    i.xTaskIncrementTick  tasks.o
    0x0800da70   0x0800da70   0x000000cc   Code   RO         7927    i.xTaskResumeAll    tasks.o
    0x0800db3c   0x0800db3c   0x0000003c   Data   RO          497    .constdata          freertos.o
    0x0800db78   0x0800db78   0x00000008   Data   RO         3412    .constdata          stm32h7xx_hal_dma.o
    0x0800db80   0x0800db80   0x0000005c   Data   RO         5289    .constdata          stm32h7xx_hal_fdcan.o
    0x0800dbdc   0x0800dbdc   0x00000018   Data   RO         6211    .constdata          stm32h7xx_hal_uart.o
    0x0800dbf4   0x0800dbf4   0x00000010   Data   RO         6582    .constdata          stm32h7xx_hal_uart_ex.o
    0x0800dc04   0x0800dc04   0x00000010   Data   RO         6691    .constdata          system_stm32h7xx.o
    0x0800dc14   0x0800dc14   0x00000028   Data   RO          498    .conststring        freertos.o
    0x0800dc3c   0x0800dc3c   0x00000804   Data   RO        10429    .rodata.sinTable_f32  arm_cortexM7lfdp_math.lib(arm_common_tables.o)
    0x0800e440   0x0800e440   0x00000020   Data   RO        10584    Region$$Table       anon$$obj.o


    Execution Region RW_IRAM1 (Exec base: 0x20000000, Load base: 0x0800e460, Size: 0x00000000, Max: 0x00020000, ABSOLUTE)

    **** No section assigned to this execution region ****


    Execution Region RW_IRAM2 (Exec base: 0x24000000, Load base: 0x0800e460, Size: 0x0000b088, Max: 0x00050000, ABSOLUTE, COMPRESSED[0x00000198])

    Exec Addr    Load Addr    Size         Type   Attr      Idx    E Section Name        Object

    0x24000000   COMPRESSED   0x0000000c   Data   RW          499    .data               freertos.o
    0x2400000c   COMPRESSED   0x00000004   Data   RW          591    .data               fdcan.o
    0x24000010   COMPRESSED   0x0000000c   Data   RW         4297    .data               stm32h7xx_hal.o
    0x2400001c   COMPRESSED   0x00000008   Data   RW         6692    .data               system_stm32h7xx.o
    0x24000024   COMPRESSED   0x00000048   Data   RW         6737    .data               bmi088driver.o
    0x2400006c   COMPRESSED   0x00000004   Data   RW         6822    .data               bmi088middleware.o
    0x24000070   COMPRESSED   0x0000003c   Data   RW         7930    .data               tasks.o
    0x240000ac   COMPRESSED   0x00000020   Data   RW         8578    .data               heap_4.o
    0x240000cc   COMPRESSED   0x0000000c   Data   RW         8646    .data               port.o
    0x240000d8   COMPRESSED   0x0000001c   Data   RW         8721    .data               ins_task.o
    0x240000f4   COMPRESSED   0x000000c8   Data   RW         8797    .data               chassisr_task.o
    0x240001bc   COMPRESSED   0x00000004   PAD
    0x240001c0   COMPRESSED   0x00000040   Data   RW         8874    .data               bsp_dwt.o
    0x24000200   COMPRESSED   0x00000004   Data   RW         8948    .data               can_bsp.o
    0x24000204   COMPRESSED   0x00000004   PAD
    0x24000208   COMPRESSED   0x00000020   Data   RW         9140    .data               bsp_sbus.o
    0x24000228   COMPRESSED   0x00000020   Data   RW         9461    .data               usbd_desc.o
    0x24000248   COMPRESSED   0x0000003e   Data   RW         9462    .data               usbd_desc.o
    0x24000286   COMPRESSED   0x00000002   PAD
    0x24000288   COMPRESSED   0x00000014   Data   RW         9554    .data               usbd_cdc_if.o
    0x2400029c   COMPRESSED   0x00000001   Data   RW        10000    .data               usbd_ctlreq.o
    0x2400029d   COMPRESSED   0x00000003   PAD
    0x240002a0   COMPRESSED   0x00000053   Data   RW        10171    .data               usbd_cdc.o
    0x240002f3   COMPRESSED   0x00000001   PAD
    0x240002f4   COMPRESSED   0x00000038   Data   RW        10172    .data               usbd_cdc.o
    0x2400032c   COMPRESSED   0x00000004   Data   RW        10577    .data               mc_w.l(errno.o)
    0x24000330        -       0x000001e0   Zero   RW          590    .bss                fdcan.o
    0x24000510        -       0x00000178   Zero   RW          664    .bss                spi.o
    0x24000688        -       0x0000004c   Zero   RW          707    .bss                tim.o
    0x240006d4        -       0x00000430   Zero   RW          757    .bss                usart.o
    0x24000b04        -       0x0000004c   Zero   RW          989    .bss                stm32h7xx_hal_timebase_tim.o
    0x24000b50        -       0x0000004c   Zero   RW         6736    .bss                bmi088driver.o
    0x24000b9c        -       0x000000f0   Zero   RW         7929    .bss                tasks.o
    0x24000c8c        -       0x00007800   Zero   RW         8577    .bss                heap_4.o
    0x2400848c        -       0x00000130   Zero   RW         8720    .bss                ins_task.o
    0x240085bc        -       0x00000194   Zero   RW         8796    .bss                chassisr_task.o
    0x24008750        -       0x000000f0   Zero   RW         8947    .bss                can_bsp.o
    0x24008840        -       0x00000414   Zero   RW         9078    .bss                bsp_vofa.o
    0x24008c54        -       0x00000050   Zero   RW         9139    .bss                bsp_sbus.o
    0x24008ca4        -       0x000002dc   Zero   RW         9390    .bss                usb_device.o
    0x24008f80        -       0x00000200   Zero   RW         9460    .bss                usbd_desc.o
    0x24009180        -       0x00001000   Zero   RW         9553    .bss                usbd_cdc_if.o
    0x2400a180        -       0x00000704   Zero   RW         9639    .bss                usbd_conf.o
    0x2400a884   COMPRESSED   0x00000004   PAD
    0x2400a888        -       0x00000800   Zero   RW            1    STACK               startup_stm32h723xx.o


==============================================================================

Image component sizes


      Code (inc. data)   RO Data    RW Data    ZI Data      Debug   Object Name

      2614        136          0         72         76      16524   bmi088driver.o
       100         30          0          4          0       3640   bmi088middleware.o
       448         70          0         64          0       4998   bsp_dwt.o
        16          6          0          0          0        465   bsp_openmv.o
      1236        116          0         32         80       4941   bsp_sbus.o
        24          6          0          0       1044       1959   bsp_vofa.o
       574         48          0          4        240       4743   can_bsp.o
      2326        156          0        200        404       8801   chassisr_task.o
        84          0          0          0          0      13219   cmsis_os.o
       848         48          0          0          0       9534   dm4310_drv.o
       124          4          0          0          0       1030   dma.o
         0          0          0          0          0       5284   event_groups.o
       644         56          0          4        480       3737   fdcan.o
       108         10        100         12          0       3400   freertos.o
       304         18          0          0          0    1224596   gpio.o
       480         26          0         32      30720       7995   heap_4.o
      1108         68          0         28        304       6254   ins_task.o
       138          0          0          0          0       3982   list.o
       744         16          0          0          0       6533   mahony_filter.o
       380         12          0          0          0    1219214   main.o
       702         74          0         12          0      11688   port.o
       408         36          0          0        376       2303   spi.o
        36          8        716          0       2048        876   startup_stm32h723xx.o
       156         32          0         12          0      23322   stm32h7xx_hal.o
       158         14          0          0          0      39074   stm32h7xx_hal_cortex.o
      6464        140          8          0          0      15094   stm32h7xx_hal_dma.o
      2838         50         92          0          0      24552   stm32h7xx_hal_fdcan.o
       546         44          0          0          0       2584   stm32h7xx_hal_gpio.o
        36          4          0          0          0       1042   stm32h7xx_hal_msp.o
      2634         14          0          0          0      15116   stm32h7xx_hal_pcd.o
       116          6          0          0          0       3501   stm32h7xx_hal_pcd_ex.o
       104         10          0          0          0       1498   stm32h7xx_hal_pwr_ex.o
      2804        128          0          0          0       9117   stm32h7xx_hal_rcc.o
      3964        120          0          0          0       8693   stm32h7xx_hal_rcc_ex.o
      2190         30          0          0          0      11553   stm32h7xx_hal_spi.o
      2006        230          0          0          0      14349   stm32h7xx_hal_tim.o
       186         36          0          0          0       3612   stm32h7xx_hal_tim_ex.o
       144         18          0          0         76       1847   stm32h7xx_hal_timebase_tim.o
      3478        150         24          0          0      36552   stm32h7xx_hal_uart.o
       374          6         16          0          0       6929   stm32h7xx_hal_uart_ex.o
       192         90          0          0          0      10891   stm32h7xx_it.o
      2786        120          0          0          0      25236   stm32h7xx_ll_usb.o
       192         34         16          8          0       1586   system_stm32h7xx.o
      1444        120          0         60        240      19897   tasks.o
       236         32          0          0         76       2675   tim.o
      1300         94          0          0       1072       5137   usart.o
        84         18          0          0        732       8711   usb_device.o
      1344         34          0        139          0      14783   usbd_cdc.o
        76         16          0         20       4096       3862   usbd_cdc_if.o
       632         24          0          0       1796      18316   usbd_conf.o
      1038          0          0          0          0      17597   usbd_core.o
      1972         22          0          1          0      19212   usbd_ctlreq.o
       358        112          0         94        512       7637   usbd_desc.o
       132          0          0          0          0       4976   usbd_ioreq.o
         0          0          0          0          0      15428   user_lib.o

    ----------------------------------------------------------------------
     53488       2692       1004        812      44376    2960095   Object Totals
         0          0         32          0          0          0   (incl. Generated)
        58          0          0         14          4          0   (incl. Padding)

    ----------------------------------------------------------------------

      Code (inc. data)   RO Data    RW Data    ZI Data      Debug   Library Member Name

         0          0       2052          0          0       4961   arm_common_tables.o
       144         12          0          0          0       1111   arm_cos_f32.o
       140         12          0          0          0       1098   arm_sin_f32.o
       312         54          0          0          0        176   asinf.o
       600         98          0          0          0        184   atan2f.o
        38          0          0          0          0        116   fpclassifyf.o
        44         12          0          0          0        464   funder.o
       102          0          0          0          0        140   sqrt.o
       120          0          0          0          0        272   sqrtf.o
        86          0          0          0          0          0   __dczerorl2.o
         0          0          0          0          0          0   entry.o
         0          0          0          0          0          0   entry10a.o
         0          0          0          0          0          0   entry11a.o
         8          4          0          0          0          0   entry2.o
         4          0          0          0          0          0   entry5.o
         0          0          0          0          0          0   entry7b.o
         0          0          0          0          0          0   entry8b.o
         8          4          0          0          0          0   entry9a.o
        12          6          0          4          0         68   errno.o
        30          0          0          0          0          0   handlers.o
        36          8          0          0          0         68   init.o
         0          0          0          0          0          0   iusefp.o
        30          0          0          0          0         68   llshl.o
        32          0          0          0          0         68   llushr.o
        36          0          0          0          0         68   memcpya.o
        36          0          0          0          0        108   memseta.o
        98          0          0          0          0         92   uldiv.o

    ----------------------------------------------------------------------
      1920        210       2052          4          0       9062   Library Totals
         4          0          0          0          0          0   (incl. Padding)

    ----------------------------------------------------------------------

      Code (inc. data)   RO Data    RW Data    ZI Data      Debug   Library Name

       284         24       2052          0          0       7170   arm_cortexM7lfdp_math.lib
      1216        164          0          0          0       1352   m_wv.l
       416         22          0          4          0        540   mc_w.l

    ----------------------------------------------------------------------
      1920        210       2052          4          0       9062   Library Totals

    ----------------------------------------------------------------------

==============================================================================


      Code (inc. data)   RO Data    RW Data    ZI Data      Debug   

     55408       2902       3056        816      44376    2929169   Grand Totals
     55408       2902       3056        408      44376    2929169   ELF Image Totals (compressed)
     55408       2902       3056        408          0          0   ROM Totals

==============================================================================

    Total RO  Size (Code + RO Data)                58464 (  57.09kB)
    Total RW  Size (RW Data + ZI Data)             45192 (  44.13kB)
    Total ROM Size (Code + RO Data + RW Data)      58872 (  57.49kB)

==============================================================================

